Component: ARM Compiler 5.06 update 6 (build 750) Tool: armlink [4d35ed]

==============================================================================

Section Cross References

    startup_stm32g071xx.o(RESET) refers to startup_stm32g071xx.o(STACK) for __initial_sp
    startup_stm32g071xx.o(RESET) refers to startup_stm32g071xx.o(.text) for Reset_Handler
    startup_stm32g071xx.o(RESET) refers to stm32g0xx_it.o(i.NMI_Handler) for NMI_Handler
    startup_stm32g071xx.o(RESET) refers to stm32g0xx_it.o(i.HardFault_Handler) for HardFault_Handler
    startup_stm32g071xx.o(RESET) refers to port.o(i.SVC_Handler) for SVC_Handler
    startup_stm32g071xx.o(RESET) refers to port.o(.emb_text) for PendSV_Handler
    startup_stm32g071xx.o(RESET) refers to cmsis_os2.o(i.SysTick_Handler) for SysTick_Handler
    startup_stm32g071xx.o(RESET) refers to stm32g0xx_it.o(i.TIM7_LPTIM2_IRQHandler) for TIM7_LPTIM2_IRQHandler
    startup_stm32g071xx.o(.text) refers to system_stm32g0xx.o(i.SystemInit) for SystemInit
    startup_stm32g071xx.o(.text) refers to entry.o(.ARM.Collect$$$$00000000) for __main
    main.o(i.HAL_TIM_PeriodElapsedCallback) refers to stm32g0xx_hal.o(i.HAL_IncTick) for HAL_IncTick
    main.o(i.MX_GPIO_Init) refers to memseta.o(.text) for __aeabi_memclr4
    main.o(i.MX_GPIO_Init) refers to stm32g0xx_hal_gpio.o(i.HAL_GPIO_WritePin) for HAL_GPIO_WritePin
    main.o(i.MX_GPIO_Init) refers to stm32g0xx_hal_gpio.o(i.HAL_GPIO_Init) for HAL_GPIO_Init
    main.o(i.MX_I2C1_Init) refers to stm32g0xx_hal_i2c.o(i.HAL_I2C_Init) for HAL_I2C_Init
    main.o(i.MX_I2C1_Init) refers to stm32g0xx_hal_i2c_ex.o(i.HAL_I2CEx_ConfigAnalogFilter) for HAL_I2CEx_ConfigAnalogFilter
    main.o(i.MX_I2C1_Init) refers to stm32g0xx_hal_i2c_ex.o(i.HAL_I2CEx_ConfigDigitalFilter) for HAL_I2CEx_ConfigDigitalFilter
    main.o(i.MX_I2C1_Init) refers to main.o(.bss) for .bss
    main.o(i.MX_SPI1_Init) refers to stm32g0xx_hal_spi.o(i.HAL_SPI_Init) for HAL_SPI_Init
    main.o(i.MX_SPI1_Init) refers to main.o(.bss) for .bss
    main.o(i.MX_TIM1_Init) refers to memseta.o(.text) for __aeabi_memclr4
    main.o(i.MX_TIM1_Init) refers to stm32g0xx_hal_tim.o(i.HAL_TIM_Base_Init) for HAL_TIM_Base_Init
    main.o(i.MX_TIM1_Init) refers to stm32g0xx_hal_tim.o(i.HAL_TIM_ConfigClockSource) for HAL_TIM_ConfigClockSource
    main.o(i.MX_TIM1_Init) refers to stm32g0xx_hal_tim.o(i.HAL_TIM_PWM_Init) for HAL_TIM_PWM_Init
    main.o(i.MX_TIM1_Init) refers to stm32g0xx_hal_tim_ex.o(i.HAL_TIMEx_MasterConfigSynchronization) for HAL_TIMEx_MasterConfigSynchronization
    main.o(i.MX_TIM1_Init) refers to stm32g0xx_hal_tim.o(i.HAL_TIM_PWM_ConfigChannel) for HAL_TIM_PWM_ConfigChannel
    main.o(i.MX_TIM1_Init) refers to stm32g0xx_hal_tim_ex.o(i.HAL_TIMEx_ConfigBreakDeadTime) for HAL_TIMEx_ConfigBreakDeadTime
    main.o(i.MX_TIM1_Init) refers to stm32g0xx_hal_msp.o(i.HAL_TIM_MspPostInit) for HAL_TIM_MspPostInit
    main.o(i.MX_TIM1_Init) refers to main.o(.bss) for .bss
    main.o(i.MX_USART1_UART_Init) refers to stm32g0xx_hal_uart.o(i.HAL_UART_Init) for HAL_UART_Init
    main.o(i.MX_USART1_UART_Init) refers to stm32g0xx_hal_uart_ex.o(i.HAL_UARTEx_SetTxFifoThreshold) for HAL_UARTEx_SetTxFifoThreshold
    main.o(i.MX_USART1_UART_Init) refers to stm32g0xx_hal_uart_ex.o(i.HAL_UARTEx_SetRxFifoThreshold) for HAL_UARTEx_SetRxFifoThreshold
    main.o(i.MX_USART1_UART_Init) refers to stm32g0xx_hal_uart_ex.o(i.HAL_UARTEx_DisableFifoMode) for HAL_UARTEx_DisableFifoMode
    main.o(i.MX_USART1_UART_Init) refers to main.o(.bss) for .bss
    main.o(i.MX_USART2_UART_Init) refers to stm32g0xx_hal_uart.o(i.HAL_UART_Init) for HAL_UART_Init
    main.o(i.MX_USART2_UART_Init) refers to stm32g0xx_hal_uart_ex.o(i.HAL_UARTEx_SetTxFifoThreshold) for HAL_UARTEx_SetTxFifoThreshold
    main.o(i.MX_USART2_UART_Init) refers to stm32g0xx_hal_uart_ex.o(i.HAL_UARTEx_SetRxFifoThreshold) for HAL_UARTEx_SetRxFifoThreshold
    main.o(i.MX_USART2_UART_Init) refers to stm32g0xx_hal_uart_ex.o(i.HAL_UARTEx_DisableFifoMode) for HAL_UARTEx_DisableFifoMode
    main.o(i.MX_USART2_UART_Init) refers to main.o(.bss) for .bss
    main.o(i.MX_USART3_UART_Init) refers to stm32g0xx_hal_uart_ex.o(i.HAL_RS485Ex_Init) for HAL_RS485Ex_Init
    main.o(i.MX_USART3_UART_Init) refers to main.o(.bss) for .bss
    main.o(i.MX_USART4_UART_Init) refers to stm32g0xx_hal_uart.o(i.HAL_UART_Init) for HAL_UART_Init
    main.o(i.MX_USART4_UART_Init) refers to main.o(.bss) for .bss
    main.o(i.StartDefaultTask) refers to cmsis_os2.o(i.osDelay) for osDelay
    main.o(i.SystemClock_Config) refers to memseta.o(.text) for __aeabi_memclr4
    main.o(i.SystemClock_Config) refers to stm32g0xx_hal_pwr_ex.o(i.HAL_PWREx_ControlVoltageScaling) for HAL_PWREx_ControlVoltageScaling
    main.o(i.SystemClock_Config) refers to stm32g0xx_hal_rcc.o(i.HAL_RCC_OscConfig) for HAL_RCC_OscConfig
    main.o(i.SystemClock_Config) refers to stm32g0xx_hal_rcc.o(i.HAL_RCC_ClockConfig) for HAL_RCC_ClockConfig
[...]
    Removing cmsis_os2.o(i.AllocBlock), (18 bytes).
    Removing cmsis_os2.o(i.CreateBlock), (26 bytes).
    Removing cmsis_os2.o(i.OS_Tick_GetCount), (16 bytes).
    Removing cmsis_os2.o(i.TimerCallback), (20 bytes).
    Removing cmsis_os2.o(i.osDelayUntil), (50 bytes).
    Removing cmsis_os2.o(i.osEventFlagsClear), (62 bytes).
    Removing cmsis_os2.o(i.osEventFlagsDelete), (36 bytes).
    Removing cmsis_os2.o(i.osEventFlagsGet), (28 bytes).
    Removing cmsis_os2.o(i.osEventFlagsNew), (50 bytes).
    Removing cmsis_os2.o(i.osEventFlagsSet), (80 bytes).
    Removing cmsis_os2.o(i.osEventFlagsWait), (108 bytes).
    Removing cmsis_os2.o(i.osKernelGetInfo), (64 bytes).
    Removing cmsis_os2.o(i.osKernelGetState), (36 bytes).
    Removing cmsis_os2.o(i.osKernelGetSysTimerCount), (64 bytes).
    Removing cmsis_os2.o(i.osKernelGetSysTimerFreq), (12 bytes).
    Removing cmsis_os2.o(i.osKernelGetTickCount), (22 bytes).
    Removing cmsis_os2.o(i.osKernelGetTickFreq), (6 bytes).
    Removing cmsis_os2.o(i.osKernelLock), (46 bytes).
    Removing cmsis_os2.o(i.osKernelRestoreLock), (72 bytes).
    Removing cmsis_os2.o(i.osKernelUnlock), (64 bytes).
    Removing cmsis_os2.o(i.osMemoryPoolAlloc), (144 bytes).
    Removing cmsis_os2.o(i.osMemoryPoolDelete), (96 bytes).
    Removing cmsis_os2.o(i.osMemoryPoolFree), (164 bytes).
    Removing cmsis_os2.o(i.osMemoryPoolGetBlockSize), (24 bytes).
    Removing cmsis_os2.o(i.osMemoryPoolGetCapacity), (24 bytes).
    Removing cmsis_os2.o(i.osMemoryPoolGetCount), (52 bytes).
    Removing cmsis_os2.o(i.osMemoryPoolGetName), (20 bytes).
    Removing cmsis_os2.o(i.osMemoryPoolGetSpace), (48 bytes).
    Removing cmsis_os2.o(i.osMemoryPoolNew), (256 bytes).
    Removing cmsis_os2.o(i.osMessageQueueDelete), (46 bytes).
    Removing cmsis_os2.o(i.osMessageQueueGet), (104 bytes).
    Removing cmsis_os2.o(i.osMessageQueueGetCapacity), (8 bytes).
    Removing cmsis_os2.o(i.osMessageQueueGetCount), (26 bytes).
    Removing cmsis_os2.o(i.osMessageQueueGetMsgSize), (8 bytes).
    Removing cmsis_os2.o(i.osMessageQueueGetSpace), (42 bytes).
    Removing cmsis_os2.o(i.osMessageQueueNew), (106 bytes).
    Removing cmsis_os2.o(i.osMessageQueuePut), (108 bytes).
    Removing cmsis_os2.o(i.osMessageQueueReset), (38 bytes).
    Removing cmsis_os2.o(i.osMutexAcquire), (80 bytes).
    Removing cmsis_os2.o(i.osMutexDelete), (48 bytes).
    Removing cmsis_os2.o(i.osMutexGetOwner), (28 bytes).
    Removing cmsis_os2.o(i.osMutexNew), (120 bytes).
    Removing cmsis_os2.o(i.osMutexRelease), (70 bytes).
    Removing cmsis_os2.o(i.osSemaphoreAcquire), (92 bytes).
    Removing cmsis_os2.o(i.osSemaphoreDelete), (46 bytes).
    Removing cmsis_os2.o(i.osSemaphoreGetCount), (26 bytes).
    Removing cmsis_os2.o(i.osSemaphoreNew), (166 bytes).
    Removing cmsis_os2.o(i.osSemaphoreRelease), (80 bytes).
    Removing cmsis_os2.o(i.osThreadEnumerate), (94 bytes).
    Removing cmsis_os2.o(i.osThreadExit), (8 bytes).
    Removing cmsis_os2.o(i.osThreadFlagsClear), (80 bytes).
    Removing cmsis_os2.o(i.osThreadFlagsGet), (46 bytes).
    Removing cmsis_os2.o(i.osThreadFlagsSet), (112 bytes).
    Removing cmsis_os2.o(i.osThreadFlagsWait), (152 bytes).
    Removing cmsis_os2.o(i.osThreadGetCount), (20 bytes).
    Removing cmsis_os2.o(i.osThreadGetId), (8 bytes).
    Removing cmsis_os2.o(i.osThreadGetName), (24 bytes).
    Removing cmsis_os2.o(i.osThreadGetPriority), (26 bytes).
    Removing cmsis_os2.o(i.osThreadGetStackSpace), (26 bytes).
    Removing cmsis_os2.o(i.osThreadGetState), (60 bytes).
    Removing cmsis_os2.o(i.osThreadResume), (36 bytes).
    Removing cmsis_os2.o(i.osThreadSetPriority), (44 bytes).
    Removing cmsis_os2.o(i.osThreadSuspend), (36 bytes).
    Removing cmsis_os2.o(i.osThreadTerminate), (56 bytes).
    Removing cmsis_os2.o(i.osThreadYield), (26 bytes).
    Removing cmsis_os2.o(i.osTimerDelete), (72 bytes).
    Removing cmsis_os2.o(i.osTimerGetName), (24 bytes).
    Removing cmsis_os2.o(i.osTimerIsRunning), (24 bytes).
    Removing cmsis_os2.o(i.osTimerNew), (128 bytes).
    Removing cmsis_os2.o(i.osTimerStart), (54 bytes).
    Removing cmsis_os2.o(i.osTimerStop), (74 bytes).
    Removing heap_4.o(i.vPortGetHeapStats), (96 bytes).
    Removing heap_4.o(i.vPortInitialiseBlocks), (2 bytes).
    Removing heap_4.o(i.xPortGetFreeHeapSize), (12 bytes).
    Removing heap_4.o(i.xPortGetMinimumEverFreeHeapSize), (12 bytes).
    Removing port.o(i.vPortEndScheduler), (24 bytes).

771 unused section(s) (total 59820 bytes) removed from the image.

==============================================================================

Image Symbol Table

    Local Symbols

    Symbol Name                              Value     Ov Type        Size  Object(Section)

    ../Core/Src/app_freertos.c               0x00000000   Number         0  app_freertos.o ABSOLUTE
    ../Core/Src/main.c                       0x00000000   Number         0  main.o ABSOLUTE
    ../Core/Src/stm32g0xx_hal_msp.c          0x00000000   Number         0  stm32g0xx_hal_msp.o ABSOLUTE
    ../Core/Src/stm32g0xx_hal_timebase_tim.c 0x00000000   Number         0  stm32g0xx_hal_timebase_tim.o ABSOLUTE
    ../Core/Src/stm32g0xx_it.c               0x00000000   Number         0  stm32g0xx_it.o ABSOLUTE
    ../Core/Src/system_stm32g0xx.c           0x00000000   Number         0  system_stm32g0xx.o ABSOLUTE
    ../Drivers/STM32G0xx_HAL_Driver/Src/stm32g0xx_hal.c 0x00000000   Number         0  stm32g0xx_hal.o ABSOLUTE
    ../Drivers/STM32G0xx_HAL_Driver/Src/stm32g0xx_hal_cortex.c 0x00000000   Number         0  stm32g0xx_hal_cortex.o ABSOLUTE
    ../Drivers/STM32G0xx_HAL_Driver/Src/stm32g0xx_hal_dma.c 0x00000000   Number         0  stm32g0xx_hal_dma.o ABSOLUTE
    ../Drivers/STM32G0xx_HAL_Driver/Src/stm32g0xx_hal_dma_ex.c 0x00000000   Number         0  stm32g0xx_hal_dma_ex.o ABSOLUTE
    ../Drivers/STM32G0xx_HAL_Driver/Src/stm32g0xx_hal_exti.c 0x00000000   Number         0  stm32g0xx_hal_exti.o ABSOLUTE
    ../Drivers/STM32G0xx_HAL_Driver/Src/stm32g0xx_hal_flash.c 0x00000000   Number         0  stm32g0xx_hal_flash.o ABSOLUTE
    ../Drivers/STM32G0xx_HAL_Driver/Src/stm32g0xx_hal_flash_ex.c 0x00000000   Number         0  stm32g0xx_hal_flash_ex.o ABSOLUTE
    ../Drivers/STM32G0xx_HAL_Driver/Src/stm32g0xx_hal_gpio.c 0x00000000   Number         0  stm32g0xx_hal_gpio.o ABSOLUTE
    ../Drivers/STM32G0xx_HAL_Driver/Src/stm32g0xx_hal_i2c.c 0x00000000   Number         0  stm32g0xx_hal_i2c.o ABSOLUTE
    ../Drivers/STM32G0xx_HAL_Driver/Src/stm32g0xx_hal_i2c_ex.c 0x00000000   Number         0  stm32g0xx_hal_i2c_ex.o ABSOLUTE
    ../Drivers/STM32G0xx_HAL_Driver/Src/stm32g0xx_hal_pwr.c 0x00000000   Number         0  stm32g0xx_hal_pwr.o ABSOLUTE
    ../Drivers/STM32G0xx_HAL_Driver/Src/stm32g0xx_hal_pwr_ex.c 0x00000000   Number         0  stm32g0xx_hal_pwr_ex.o ABSOLUTE
    ../Drivers/STM32G0xx_HAL_Driver/Src/stm32g0xx_hal_rcc.c 0x00000000   Number         0  stm32g0xx_hal_rcc.o ABSOLUTE
    ../Drivers/STM32G0xx_HAL_Driver/Src/stm32g0xx_hal_rcc_ex.c 0x00000000   Number         0  stm32g0xx_hal_rcc_ex.o ABSOLUTE
    ../Drivers/STM32G0xx_HAL_Driver/Src/stm32g0xx_hal_spi.c 0x00000000   Number         0  stm32g0xx_hal_spi.o ABSOLUTE
    ../Drivers/STM32G0xx_HAL_Driver/Src/stm32g0xx_hal_spi_ex.c 0x00000000   Number         0  stm32g0xx_hal_spi_ex.o ABSOLUTE
    ../Drivers/STM32G0xx_HAL_Driver/Src/stm32g0xx_hal_tim.c 0x00000000   Number         0  stm32g0xx_hal_tim.o ABSOLUTE
    ../Drivers/STM32G0xx_HAL_Driver/Src/stm32g0xx_hal_tim_ex.c 0x00000000   Number         0  stm32g0xx_hal_tim_ex.o ABSOLUTE
    ../Drivers/STM32G0xx_HAL_Driver/Src/stm32g0xx_hal_uart.c 0x00000000   Number         0  stm32g0xx_hal_uart.o ABSOLUTE
    ../Drivers/STM32G0xx_HAL_Driver/Src/stm32g0xx_hal_uart_ex.c 0x00000000   Number         0  stm32g0xx_hal_uart_ex.o ABSOLUTE
    ../Drivers/STM32G0xx_HAL_Driver/Src/stm32g0xx_ll_dma.c 0x00000000   Number         0  stm32g0xx_ll_dma.o ABSOLUTE
    ../Drivers/STM32G0xx_HAL_Driver/Src/stm32g0xx_ll_rcc.c 0x00000000   Number         0  stm32g0xx_ll_rcc.o ABSOLUTE
    ../Middlewares/Third_Party/FreeRTOS/Source/CMSIS_RTOS_V2/cmsis_os2.c 0x00000000   Number         0  cmsis_os2.o ABSOLUTE
    ../Middlewares/Third_Party/FreeRTOS/Source/croutine.c 0x00000000   Number         0  croutine.o ABSOLUTE
    ../Middlewares/Third_Party/FreeRTOS/Source/event_groups.c 0x00000000   Number         0  event_groups.o ABSOLUTE
    ../Middlewares/Third_Party/FreeRTOS/Source/list.c 0x00000000   Number         0  list.o ABSOLUTE
    ../Middlewares/Third_Party/FreeRTOS/Source/portable/MemMang/heap_4.c 0x00000000   Number         0  heap_4.o ABSOLUTE
    ../Middlewares/Third_Party/FreeRTOS/Source/portable/RVDS/ARM_CM0/port.c 0x00000000   Number         0  port.o ABSOLUTE
    ../Middlewares/Third_Party/FreeRTOS/Source/queue.c 0x00000000   Number         0  queue.o ABSOLUTE
    ../Middlewares/Third_Party/FreeRTOS/Source/stream_buffer.c 0x00000000   Number         0  stream_buffer.o ABSOLUTE
    ../Middlewares/Third_Party/FreeRTOS/Source/tasks.c 0x00000000   Number         0  tasks.o ABSOLUTE
    ../Middlewares/Third_Party/FreeRTOS/Source/timers.c 0x00000000   Number         0  timers.o ABSOLUTE
    ../clib/microlib/division.c              0x00000000   Number         0  uidiv.o ABSOLUTE
    ../clib/microlib/division.c              0x00000000   Number         0  uldiv.o ABSOLUTE
    ../clib/microlib/init/entry.s            0x00000000   Number         0  entry11b.o ABSOLUTE
    ../clib/microlib/init/entry.s            0x00000000   Number         0  entry11a.o ABSOLUTE
    ../clib/microlib/init/entry.s            0x00000000   Number         0  entry10b.o ABSOLUTE
    ../clib/microlib/init/entry.s            0x00000000   Number         0  entry10a.o ABSOLUTE
    ../clib/microlib/init/entry.s            0x00000000   Number         0  entry9b.o ABSOLUTE
    ../clib/microlib/init/entry.s            0x00000000   Number         0  entry9a.o ABSOLUTE
    ../clib/microlib/init/entry.s            0x00000000   Number         0  entry8b.o ABSOLUTE
    ../clib/microlib/init/entry.s            0x00000000   Number         0  entry8a.o ABSOLUTE
    ../clib/microlib/init/entry.s            0x00000000   Number         0  entry7b.o ABSOLUTE
    ../clib/microlib/init/entry.s            0x00000000   Number         0  entry7a.o ABSOLUTE
    ../clib/microlib/init/entry.s            0x00000000   Number         0  entry5.o ABSOLUTE
    ../clib/microlib/init/entry.s            0x00000000   Number         0  entry2.o ABSOLUTE
    ../clib/microlib/init/entry.s            0x00000000   Number         0  entry.o ABSOLUTE
    ../clib/microlib/longlong.c              0x00000000   Number         0  llshl.o ABSOLUTE
    ../clib/microlib/longlong.c              0x00000000   Number         0  llushr.o ABSOLUTE
    ../clib/microlib/string/memcpy.c         0x00000000   Number         0  memcpya.o ABSOLUTE
    ../clib/microlib/string/memcpy.c         0x00000000   Number         0  memcpyb.o ABSOLUTE
    ../clib/microlib/string/memset.c         0x00000000   Number         0  memset.o ABSOLUTE
    ../clib/microlib/string/memset.c         0x00000000   Number         0  memseta.o ABSOLUTE
    ..\Core\Src\app_freertos.c               0x00000000   Number         0  app_freertos.o ABSOLUTE
    ..\Core\Src\main.c                       0x00000000   Number         0  main.o ABSOLUTE
    ..\Core\Src\stm32g0xx_hal_msp.c          0x00000000   Number         0  stm32g0xx_hal_msp.o ABSOLUTE
    ..\Core\Src\stm32g0xx_hal_timebase_tim.c 0x00000000   Number         0  stm32g0xx_hal_timebase_tim.o ABSOLUTE
    ..\Core\Src\stm32g0xx_it.c               0x00000000   Number         0  stm32g0xx_it.o ABSOLUTE
    ..\Core\Src\system_stm32g0xx.c           0x00000000   Number         0  system_stm32g0xx.o ABSOLUTE
    ..\Drivers\STM32G0xx_HAL_Driver\Src\stm32g0xx_hal.c 0x00000000   Number         0  stm32g0xx_hal.o ABSOLUTE
    ..\Drivers\STM32G0xx_HAL_Driver\Src\stm32g0xx_hal_cortex.c 0x00000000   Number         0  stm32g0xx_hal_cortex.o ABSOLUTE
    ..\Drivers\STM32G0xx_HAL_Driver\Src\stm32g0xx_hal_dma.c 0x00000000   Number         0  stm32g0xx_hal_dma.o ABSOLUTE
    ..\Drivers\STM32G0xx_HAL_Driver\Src\stm32g0xx_hal_dma_ex.c 0x00000000   Number         0  stm32g0xx_hal_dma_ex.o ABSOLUTE
    ..\Drivers\STM32G0xx_HAL_Driver\Src\stm32g0xx_hal_exti.c 0x00000000   Number         0  stm32g0xx_hal_exti.o ABSOLUTE
    ..\Drivers\STM32G0xx_HAL_Driver\Src\stm32g0xx_hal_flash.c 0x00000000   Number         0  stm32g0xx_hal_flash.o ABSOLUTE
    ..\Drivers\STM32G0xx_HAL_Driver\Src\stm32g0xx_hal_flash_ex.c 0x00000000   Number         0  stm32g0xx_hal_flash_ex.o ABSOLUTE
    ..\Drivers\STM32G0xx_HAL_Driver\Src\stm32g0xx_hal_gpio.c 0x00000000   Number         0  stm32g0xx_hal_gpio.o ABSOLUTE
    ..\Drivers\STM32G0xx_HAL_Driver\Src\stm32g0xx_hal_i2c.c 0x00000000   Number         0  stm32g0xx_hal_i2c.o ABSOLUTE
    ..\Drivers\STM32G0xx_HAL_Driver\Src\stm32g0xx_hal_i2c_ex.c 0x00000000   Number         0  stm32g0xx_hal_i2c_ex.o ABSOLUTE
    ..\Drivers\STM32G0xx_HAL_Driver\Src\stm32g0xx_hal_pwr.c 0x00000000   Number         0  stm32g0xx_hal_pwr.o ABSOLUTE
    ..\Drivers\STM32G0xx_HAL_Driver\Src\stm32g0xx_hal_pwr_ex.c 0x00000000   Number         0  stm32g0xx_hal_pwr_ex.o ABSOLUTE
    ..\Drivers\STM32G0xx_HAL_Driver\Src\stm32g0xx_hal_rcc.c 0x00000000   Number         0  stm32g0xx_hal_rcc.o ABSOLUTE
    ..\Drivers\STM32G0xx_HAL_Driver\Src\stm32g0xx_hal_rcc_ex.c 0x00000000   Number         0  stm32g0xx_hal_rcc_ex.o ABSOLUTE
    ..\Drivers\STM32G0xx_HAL_Driver\Src\stm32g0xx_hal_spi.c 0x00000000   Number         0  stm32g0xx_hal_spi.o ABSOLUTE
    ..\Drivers\STM32G0xx_HAL_Driver\Src\stm32g0xx_hal_spi_ex.c 0x00000000   Number         0  stm32g0xx_hal_spi_ex.o ABSOLUTE
    ..\Drivers\STM32G0xx_HAL_Driver\Src\stm32g0xx_hal_tim.c 0x00000000   Number         0  stm32g0xx_hal_tim.o ABSOLUTE
    ..\Drivers\STM32G0xx_HAL_Driver\Src\stm32g0xx_hal_tim_ex.c 0x00000000   Number         0  stm32g0xx_hal_tim_ex.o ABSOLUTE
    ..\Drivers\STM32G0xx_HAL_Driver\Src\stm32g0xx_hal_uart.c 0x00000000   Number         0  stm32g0xx_hal_uart.o ABSOLUTE
    ..\Drivers\STM32G0xx_HAL_Driver\Src\stm32g0xx_hal_uart_ex.c 0x00000000   Number         0  stm32g0xx_hal_uart_ex.o ABSOLUTE
    ..\Middlewares\Third_Party\FreeRTOS\Source\CMSIS_RTOS_V2\cmsis_os2.c 0x00000000   Number         0  cmsis_os2.o ABSOLUTE
    ..\Middlewares\Third_Party\FreeRTOS\Source\portable\RVDS\ARM_CM0\port.c 0x00000000   Number         0  port.o ABSOLUTE
    dc.s                                     0x00000000   Number         0  dc.o ABSOLUTE
    handlers.s                               0x00000000   Number         0  handlers.o ABSOLUTE
    init.s                                   0x00000000   Number         0  init.o ABSOLUTE
    startup_stm32g071xx.s                    0x00000000   Number         0  startup_stm32g071xx.o ABSOLUTE
    RESET                                    0x08000000   Section      188  startup_stm32g071xx.o(RESET)
    .ARM.Collect$$$$00000000                 0x080000bc   Section        0  entry.o(.ARM.Collect$$$$00000000)
    .ARM.Collect$$$$00000001                 0x080000bc   Section        4  entry2.o(.ARM.Collect$$$$00000001)
    .ARM.Collect$$$$00000004                 0x080000c0   Section        4  entry5.o(.ARM.Collect$$$$00000004)
    .ARM.Collect$$$$00000008                 0x080000c4   Section        0  entry7b.o(.ARM.Collect$$$$00000008)
    .ARM.Collect$$$$0000000A                 0x080000c4   Section        0  entry8b.o(.ARM.Collect$$$$0000000A)
    .ARM.Collect$$$$0000000B                 0x080000c4   Section        8  entry9a.o(.ARM.Collect$$$$0000000B)
    .ARM.Collect$$$$0000000D                 0x080000cc   Section        0  entry10a.o(.ARM.Collect$$$$0000000D)
    .ARM.Collect$$$$0000000F                 0x080000cc   Section        0  entry11a.o(.ARM.Collect$$$$0000000F)
    .ARM.Collect$$$$00002712                 0x080000cc   Section        4  entry2.o(.ARM.Collect$$$$00002712)
    __lit__00000000                          0x080000cc   Data           4  entry2.o(.ARM.Collect$$$$00002712)
    .emb_text                                0x080000d0   Section      120  port.o(.emb_text)
    .text                                    0x08000148   Section       28  startup_stm32g071xx.o(.text)
    .text                                    0x08000164   Section        0  uidiv.o(.text)
    .text                                    0x08000190   Section        0  uldiv.o(.text)
    .text                                    0x080001f0   Section        0  memcpya.o(.text)
    .text                                    0x08000214   Section        0  memseta.o(.text)
    .text                                    0x08000238   Section        0  llshl.o(.text)
    .text                                    0x08000258   Section        0  llushr.o(.text)
    .text                                    0x0800027c   Section       36  init.o(.text)
    i.HAL_GPIO_Init                          0x080002a0   Section        0  stm32g0xx_hal_gpio.o(i.HAL_GPIO_Init)
    i.HAL_GPIO_WritePin                      0x080003fc   Section        0  stm32g0xx_hal_gpio.o(i.HAL_GPIO_WritePin)
    i.HAL_GetTick                            0x08000408   Section        0  stm32g0xx_hal.o(i.HAL_GetTick)
    i.HAL_I2CEx_ConfigAnalogFilter           0x08000414   Section        0  stm32g0xx_hal_i2c_ex.o(i.HAL_I2CEx_ConfigAnalogFilter)
    i.HAL_I2CEx_ConfigDigitalFilter          0x0800045e   Section        0  stm32g0xx_hal_i2c_ex.o(i.HAL_I2CEx_ConfigDigitalFilter)
    i.HAL_I2C_Init                           0x080004a8   Section        0  stm32g0xx_hal_i2c.o(i.HAL_I2C_Init)
    i.HAL_I2C_MspInit                        0x0800055c   Section        0  stm32g0xx_hal_msp.o(i.HAL_I2C_MspInit)
    i.HAL_IncTick                            0x080005c0   Section        0  stm32g0xx_hal.o(i.HAL_IncTick)
    i.HAL_Init                               0x080005d0   Section        0  stm32g0xx_hal.o(i.HAL_Init)
    i.HAL_InitTick                           0x080005f8   Section        0  stm32g0xx_hal_timebase_tim.o(i.HAL_InitTick)
    i.HAL_MspInit                            0x08000670   Section        0  stm32g0xx_hal_msp.o(i.HAL_MspInit)
    i.HAL_NVIC_EnableIRQ                     0x080006ac   Section        0  stm32g0xx_hal_cortex.o(i.HAL_NVIC_EnableIRQ)
    i.HAL_NVIC_SetPriority                   0x080006c4   Section        0  stm32g0xx_hal_cortex.o(i.HAL_NVIC_SetPriority)
    i.HAL_PWREx_ControlVoltageScaling        0x080006cc   Section        0  stm32g0xx_hal_pwr_ex.o(i.HAL_PWREx_ControlVoltageScaling)
    i.HAL_RCCEx_PeriphCLKConfig              0x08000718   Section        0  stm32g0xx_hal_rcc_ex.o(i.HAL_RCCEx_PeriphCLKConfig)
    i.HAL_RCC_ClockConfig                    0x080008f8   Section        0  stm32g0xx_hal_rcc.o(i.HAL_RCC_ClockConfig)
    i.HAL_RCC_GetClockConfig                 0x08000a50   Section        0  stm32g0xx_hal_rcc.o(i.HAL_RCC_GetClockConfig)
    i.HAL_RCC_GetPCLK1Freq                   0x08000a88   Section        0  stm32g0xx_hal_rcc.o(i.HAL_RCC_GetPCLK1Freq)
    i.HAL_RCC_GetSysClockFreq                0x08000ab0   Section        0  stm32g0xx_hal_rcc.o(i.HAL_RCC_GetSysClockFreq)
    i.HAL_RCC_OscConfig                      0x08000b3c   Section        0  stm32g0xx_hal_rcc.o(i.HAL_RCC_OscConfig)
    i.HAL_RS485Ex_Init                       0x08000f2c   Section        0  stm32g0xx_hal_uart_ex.o(i.HAL_RS485Ex_Init)
    i.HAL_SPI_Init                           0x08000fbc   Section        0  stm32g0xx_hal_spi.o(i.HAL_SPI_Init)
    i.HAL_SPI_MspInit                        0x080010ac   Section        0  stm32g0xx_hal_msp.o(i.HAL_SPI_MspInit)
    i.HAL_SYSCFG_StrobeDBattpinsConfig       0x0800110c   Section        0  stm32g0xx_hal.o(i.HAL_SYSCFG_StrobeDBattpinsConfig)
    i.HAL_TIMEx_Break2Callback               0x08001120   Section        0  stm32g0xx_hal_tim_ex.o(i.HAL_TIMEx_Break2Callback)
    i.HAL_TIMEx_BreakCallback                0x08001122   Section        0  stm32g0xx_hal_tim_ex.o(i.HAL_TIMEx_BreakCallback)
    i.HAL_TIMEx_CommutCallback               0x08001124   Section        0  stm32g0xx_hal_tim_ex.o(i.HAL_TIMEx_CommutCallback)
    i.HAL_TIMEx_ConfigBreakDeadTime          0x08001128   Section        0  stm32g0xx_hal_tim_ex.o(i.HAL_TIMEx_ConfigBreakDeadTime)
    i.HAL_TIMEx_MasterConfigSynchronization  0x080011d4   Section        0  stm32g0xx_hal_tim_ex.o(i.HAL_TIMEx_MasterConfigSynchronization)
    i.HAL_TIM_Base_Init                      0x08001248   Section        0  stm32g0xx_hal_tim.o(i.HAL_TIM_Base_Init)
    i.HAL_TIM_Base_MspInit                   0x08001294   Section        0  stm32g0xx_hal_msp.o(i.HAL_TIM_Base_MspInit)
    i.HAL_TIM_Base_Start_IT                  0x080012b8   Section        0  stm32g0xx_hal_tim.o(i.HAL_TIM_Base_Start_IT)
    i.HAL_TIM_ConfigClockSource              0x08001318   Section        0  stm32g0xx_hal_tim.o(i.HAL_TIM_ConfigClockSource)
    i.HAL_TIM_IC_CaptureCallback             0x080013f0   Section        0  stm32g0xx_hal_tim.o(i.HAL_TIM_IC_CaptureCallback)
    i.HAL_TIM_IRQHandler                     0x080013f4   Section        0  stm32g0xx_hal_tim.o(i.HAL_TIM_IRQHandler)
    i.HAL_TIM_MspPostInit                    0x08001578   Section        0  stm32g0xx_hal_msp.o(i.HAL_TIM_MspPostInit)
    i.HAL_TIM_OC_DelayElapsedCallback        0x080015c4   Section        0  stm32g0xx_hal_tim.o(i.HAL_TIM_OC_DelayElapsedCallback)
    i.HAL_TIM_PWM_ConfigChannel              0x080015c6   Section        0  stm32g0xx_hal_tim.o(i.HAL_TIM_PWM_ConfigChannel)
    i.HAL_TIM_PWM_Init                       0x080016e4   Section        0  stm32g0xx_hal_tim.o(i.HAL_TIM_PWM_Init)
    i.HAL_TIM_PWM_MspInit                    0x08001730   Section        0  stm32g0xx_hal_tim.o(i.HAL_TIM_PWM_MspInit)
    i.HAL_TIM_PWM_PulseFinishedCallback      0x08001732   Section        0  stm32g0xx_hal_tim.o(i.HAL_TIM_PWM_PulseFinishedCallback)
    i.HAL_TIM_PeriodElapsedCallback          0x08001734   Section        0  main.o(i.HAL_TIM_PeriodElapsedCallback)
    i.HAL_TIM_TriggerCallback                0x08001748   Section        0  stm32g0xx_hal_tim.o(i.HAL_TIM_TriggerCallback)
    i.HAL_UARTEx_DisableFifoMode             0x0800174a   Section        0  stm32g0xx_hal_uart_ex.o(i.HAL_UARTEx_DisableFifoMode)
    i.HAL_UARTEx_SetRxFifoThreshold          0x08001786   Section        0  stm32g0xx_hal_uart_ex.o(i.HAL_UARTEx_SetRxFifoThreshold)
    i.HAL_UARTEx_SetTxFifoThreshold          0x080017ce   Section        0  stm32g0xx_hal_uart_ex.o(i.HAL_UARTEx_SetTxFifoThreshold)
    i.HAL_UART_Init                          0x08001814   Section        0  stm32g0xx_hal_uart.o(i.HAL_UART_Init)
    i.HAL_UART_MspInit                       0x08001880   Section        0  stm32g0xx_hal_msp.o(i.HAL_UART_MspInit)
    i.HardFault_Handler                      0x08001984   Section        0  stm32g0xx_it.o(i.HardFault_Handler)
    i.MX_GPIO_Init                           0x08001988   Section        0  main.o(i.MX_GPIO_Init)
    MX_GPIO_Init                             0x08001989   Thumb Code   124  main.o(i.MX_GPIO_Init)
    i.MX_I2C1_Init                           0x08001a0c   Section        0  main.o(i.MX_I2C1_Init)
    MX_I2C1_Init                             0x08001a0d   Thumb Code    76  main.o(i.MX_I2C1_Init)
    i.MX_SPI1_Init                           0x08001a64   Section        0  main.o(i.MX_SPI1_Init)
    MX_SPI1_Init                             0x08001a65   Thumb Code    66  main.o(i.MX_SPI1_Init)
    i.MX_TIM1_Init                           0x08001ab0   Section        0  main.o(i.MX_TIM1_Init)
    MX_TIM1_Init                             0x08001ab1   Thumb Code   218  main.o(i.MX_TIM1_Init)
    i.MX_USART1_UART_Init                    0x08001b98   Section        0  main.o(i.MX_USART1_UART_Init)
    MX_USART1_UART_Init                      0x08001b99   Thumb Code    96  main.o(i.MX_USART1_UART_Init)
    i.MX_USART2_UART_Init                    0x08001c00   Section        0  main.o(i.MX_USART2_UART_Init)
    MX_USART2_UART_Init                      0x08001c01   Thumb Code    96  main.o(i.MX_USART2_UART_Init)
    i.MX_USART3_UART_Init                    0x08001c68   Section        0  main.o(i.MX_USART3_UART_Init)
    MX_USART3_UART_Init                      0x08001c69   Thumb Code    54  main.o(i.MX_USART3_UART_Init)
    i.MX_USART4_UART_Init                    0x08001ca8   Section        0  main.o(i.MX_USART4_UART_Init)
    MX_USART4_UART_Init                      0x08001ca9   Thumb Code    50  main.o(i.MX_USART4_UART_Init)
    i.NMI_Handler                            0x08001ce4   Section        0  stm32g0xx_it.o(i.NMI_Handler)
    i.SVC_Handler                            0x08001ce6   Section        0  port.o(i.SVC_Handler)
    i.StartDefaultTask                       0x08001ce8   Section        0  main.o(i.StartDefaultTask)
    i.SysTick_Handler                        0x08001cf0   Section        0  cmsis_os2.o(i.SysTick_Handler)
    i.SystemClock_Config                     0x08001d08   Section        0  main.o(i.SystemClock_Config)
    i.SystemInit                             0x08001d9c   Section        0  system_stm32g0xx.o(i.SystemInit)
    i.TIM7_LPTIM2_IRQHandler                 0x08001dac   Section        0  stm32g0xx_it.o(i.TIM7_LPTIM2_IRQHandler)
    i.TIM_Base_SetConfig                     0x08001dbc   Section        0  stm32g0xx_hal_tim.o(i.TIM_Base_SetConfig)
    i.TIM_ETR_SetConfig                      0x08001e50   Section        0  stm32g0xx_hal_tim.o(i.TIM_ETR_SetConfig)
    i.TIM_ITRx_SetConfig                     0x08001e68   Section        0  stm32g0xx_hal_tim.o(i.TIM_ITRx_SetConfig)
    TIM_ITRx_SetConfig                       0x08001e69   Thumb Code    16  stm32g0xx_hal_tim.o(i.TIM_ITRx_SetConfig)
    i.TIM_OC1_SetConfig                      0x08001e7c   Section        0  stm32g0xx_hal_tim.o(i.TIM_OC1_SetConfig)
    TIM_OC1_SetConfig                        0x08001e7d   Thumb Code   120  stm32g0xx_hal_tim.o(i.TIM_OC1_SetConfig)
    i.TIM_OC2_SetConfig                      0x08001f08   Section        0  stm32g0xx_hal_tim.o(i.TIM_OC2_SetConfig)
    i.TIM_OC3_SetConfig                      0x08001f8c   Section        0  stm32g0xx_hal_tim.o(i.TIM_OC3_SetConfig)
    TIM_OC3_SetConfig                        0x08001f8d   Thumb Code   114  stm32g0xx_hal_tim.o(i.TIM_OC3_SetConfig)
    i.TIM_OC4_SetConfig                      0x08002014   Section        0  stm32g0xx_hal_tim.o(i.TIM_OC4_SetConfig)
    TIM_OC4_SetConfig                        0x08002015   Thumb Code    94  stm32g0xx_hal_tim.o(i.TIM_OC4_SetConfig)
    i.TIM_OC5_SetConfig                      0x08002088   Section        0  stm32g0xx_hal_tim.o(i.TIM_OC5_SetConfig)
    TIM_OC5_SetConfig                        0x08002089   Thumb Code    80  stm32g0xx_hal_tim.o(i.TIM_OC5_SetConfig)
    i.TIM_OC6_SetConfig                      0x080020ec   Section        0  stm32g0xx_hal_tim.o(i.TIM_OC6_SetConfig)
    TIM_OC6_SetConfig                        0x080020ed   Thumb Code    88  stm32g0xx_hal_tim.o(i.TIM_OC6_SetConfig)
    i.TIM_TI1_ConfigInputStage               0x08002158   Section        0  stm32g0xx_hal_tim.o(i.TIM_TI1_ConfigInputStage)
    TIM_TI1_ConfigInputStage                 0x08002159   Thumb Code    34  stm32g0xx_hal_tim.o(i.TIM_TI1_ConfigInputStage)
    i.TIM_TI2_ConfigInputStage               0x0800217a   Section        0  stm32g0xx_hal_tim.o(i.TIM_TI2_ConfigInputStage)
    TIM_TI2_ConfigInputStage                 0x0800217b   Thumb Code    38  stm32g0xx_hal_tim.o(i.TIM_TI2_ConfigInputStage)
    i.UARTEx_SetNbDataToProcess              0x080021a0   Section        0  stm32g0xx_hal_uart_ex.o(i.UARTEx_SetNbDataToProcess)
    UARTEx_SetNbDataToProcess                0x080021a1   Thumb Code    80  stm32g0xx_hal_uart_ex.o(i.UARTEx_SetNbDataToProcess)
    i.UART_AdvFeatureConfig                  0x08002200   Section        0  stm32g0xx_hal_uart.o(i.UART_AdvFeatureConfig)
    i.UART_CheckIdleState                    0x080022cc   Section        0  stm32g0xx_hal_uart.o(i.UART_CheckIdleState)
    i.UART_SetConfig                         0x08002330   Section        0  stm32g0xx_hal_uart.o(i.UART_SetConfig)
    i.UART_WaitOnFlagUntilTimeout            0x0800256c   Section        0  stm32g0xx_hal_uart.o(i.UART_WaitOnFlagUntilTimeout)
    i.__ARM_common_switch8                   0x08002608   Section        0  stm32g0xx_hal_dma.o(i.__ARM_common_switch8)
    i.__NVIC_SetPriority                     0x08002624   Section        0  stm32g0xx_hal_cortex.o(i.__NVIC_SetPriority)
    __NVIC_SetPriority                       0x08002625   Thumb Code    60  stm32g0xx_hal_cortex.o(i.__NVIC_SetPriority)
    i.__scatterload_copy                     0x08002668   Section       14  handlers.o(i.__scatterload_copy)
    i.__scatterload_null                     0x08002676   Section        2  handlers.o(i.__scatterload_null)
    i.__scatterload_zeroinit                 0x08002678   Section       14  handlers.o(i.__scatterload_zeroinit)
    i.main                                   0x08002688   Section        0  main.o(i.main)
    i.osDelay                                0x080026d4   Section        0  cmsis_os2.o(i.osDelay)
    i.osKernelInitialize                     0x080026f4   Section        0  cmsis_os2.o(i.osKernelInitialize)
    i.osKernelStart                          0x0800271c   Section        0  cmsis_os2.o(i.osKernelStart)
    i.osThreadNew                            0x08002758   Section        0  cmsis_os2.o(i.osThreadNew)
    i.prvAddCurrentTaskToDelayedList         0x080027f0   Section        0  tasks.o(i.prvAddCurrentTaskToDelayedList)
    prvAddCurrentTaskToDelayedList           0x080027f1   Thumb Code    78  tasks.o(i.prvAddCurrentTaskToDelayedList)
    i.prvAddNewTaskToReadyList               0x08002848   Section        0  tasks.o(i.prvAddNewTaskToReadyList)
    prvAddNewTaskToReadyList                 0x08002849   Thumb Code   174  tasks.o(i.prvAddNewTaskToReadyList)
    i.prvCheckForValidListAndQueue           0x08002904   Section        0  timers.o(i.prvCheckForValidListAndQueue)
    prvCheckForValidListAndQueue             0x08002905   Thumb Code    74  timers.o(i.prvCheckForValidListAndQueue)
    i.prvCopyDataFromQueue                   0x08002960   Section        0  queue.o(i.prvCopyDataFromQueue)
    prvCopyDataFromQueue                     0x08002961   Thumb Code    38  queue.o(i.prvCopyDataFromQueue)
    i.prvCopyDataToQueue                     0x08002986   Section        0  queue.o(i.prvCopyDataToQueue)
    prvCopyDataToQueue                       0x08002987   Thumb Code   112  queue.o(i.prvCopyDataToQueue)
    i.prvDeleteTCB                           0x080029f6   Section        0  tasks.o(i.prvDeleteTCB)
    prvDeleteTCB                             0x080029f7   Thumb Code    38  tasks.o(i.prvDeleteTCB)
    i.prvHeapInit                            0x08002a1c   Section        0  heap_4.o(i.prvHeapInit)
    prvHeapInit                              0x08002a1d   Thumb Code    60  heap_4.o(i.prvHeapInit)
    i.prvIdleTask                            0x08002a60   Section        0  tasks.o(i.prvIdleTask)
    prvIdleTask                              0x08002a61   Thumb Code    62  tasks.o(i.prvIdleTask)
    i.prvInitialiseNewQueue                  0x08002aac   Section        0  queue.o(i.prvInitialiseNewQueue)
    prvInitialiseNewQueue                    0x08002aad   Thumb Code    34  queue.o(i.prvInitialiseNewQueue)
    i.prvInitialiseNewTask                   0x08002ace   Section        0  tasks.o(i.prvInitialiseNewTask)
    prvInitialiseNewTask                     0x08002acf   Thumb Code   148  tasks.o(i.prvInitialiseNewTask)
    i.prvInsertBlockIntoFreeList             0x08002b64   Section        0  heap_4.o(i.prvInsertBlockIntoFreeList)
    prvInsertBlockIntoFreeList               0x08002b65   Thumb Code    72  heap_4.o(i.prvInsertBlockIntoFreeList)
    i.prvInsertTimerInActiveList             0x08002bb0   Section        0  timers.o(i.prvInsertTimerInActiveList)
    prvInsertTimerInActiveList               0x08002bb1   Thumb Code    52  timers.o(i.prvInsertTimerInActiveList)
    i.prvIsQueueEmpty                        0x08002be8   Section        0  queue.o(i.prvIsQueueEmpty)
    prvIsQueueEmpty                          0x08002be9   Thumb Code    28  queue.o(i.prvIsQueueEmpty)
    i.prvProcessReceivedCommands             0x08002c04   Section        0  timers.o(i.prvProcessReceivedCommands)
    prvProcessReceivedCommands               0x08002c05   Thumb Code   228  timers.o(i.prvProcessReceivedCommands)
    i.prvProcessTimerOrBlockTask             0x08002cec   Section        0  timers.o(i.prvProcessTimerOrBlockTask)
    prvProcessTimerOrBlockTask               0x08002ced   Thumb Code   162  timers.o(i.prvProcessTimerOrBlockTask)
    i.prvResetNextTaskUnblockTime            0x08002d94   Section        0  tasks.o(i.prvResetNextTaskUnblockTime)
    prvResetNextTaskUnblockTime              0x08002d95   Thumb Code    28  tasks.o(i.prvResetNextTaskUnblockTime)
    i.prvSampleTimeNow                       0x08002db4   Section        0  timers.o(i.prvSampleTimeNow)
    prvSampleTimeNow                         0x08002db5   Thumb Code    36  timers.o(i.prvSampleTimeNow)
    i.prvSwitchTimerLists                    0x08002ddc   Section        0  timers.o(i.prvSwitchTimerLists)
    prvSwitchTimerLists                      0x08002ddd   Thumb Code    94  timers.o(i.prvSwitchTimerLists)
    i.prvTaskExitError                       0x08002e40   Section        0  port.o(i.prvTaskExitError)
    prvTaskExitError                         0x08002e41   Thumb Code    14  port.o(i.prvTaskExitError)
    i.prvTimerTask                           0x08002e54   Section        0  timers.o(i.prvTimerTask)
    prvTimerTask                             0x08002e55   Thumb Code    32  timers.o(i.prvTimerTask)
    i.prvUnlockQueue                         0x08002e78   Section        0  queue.o(i.prvUnlockQueue)
    prvUnlockQueue                           0x08002e79   Thumb Code   112  queue.o(i.prvUnlockQueue)
    i.pvPortMalloc                           0x08002ee8   Section        0  heap_4.o(i.pvPortMalloc)
    i.pxPortInitialiseStack                  0x08002fa0   Section        0  port.o(i.pxPortInitialiseStack)
    i.uxListRemove                           0x08002fc0   Section        0  list.o(i.uxListRemove)
    i.vApplicationGetIdleTaskMemory          0x08002fe8   Section        0  cmsis_os2.o(i.vApplicationGetIdleTaskMemory)
    i.vApplicationGetTimerTaskMemory         0x08002ffc   Section        0  cmsis_os2.o(i.vApplicationGetTimerTaskMemory)
    i.vListInitialise                        0x08003014   Section        0  list.o(i.vListInitialise)
    i.vListInitialiseItem                    0x0800302a   Section        0  list.o(i.vListInitialiseItem)
    i.vListInsert                            0x08003030   Section        0  list.o(i.vListInsert)
    i.vListInsertEnd                         0x08003060   Section        0  list.o(i.vListInsertEnd)
    i.vPortEnterCritical                     0x08003078   Section        0  port.o(i.vPortEnterCritical)
    i.vPortExitCritical                      0x08003090   Section        0  port.o(i.vPortExitCritical)
    i.vPortFree                              0x080030ac   Section        0  heap_4.o(i.vPortFree)
    i.vPortSetupTimerInterrupt               0x080030f4   Section        0  port.o(i.vPortSetupTimerInterrupt)
    i.vPortYield                             0x0800311c   Section        0  port.o(i.vPortYield)
    i.vQueueAddToRegistry                    0x08003134   Section        0  queue.o(i.vQueueAddToRegistry)
    i.vQueueWaitForMessageRestricted         0x08003158   Section        0  queue.o(i.vQueueWaitForMessageRestricted)
    i.vTaskDelay                             0x0800319c   Section        0  tasks.o(i.vTaskDelay)
    i.vTaskInternalSetTimeOutState           0x080031cc   Section        0  tasks.o(i.vTaskInternalSetTimeOutState)
    i.vTaskMissedYield                       0x080031dc   Section        0  tasks.o(i.vTaskMissedYield)
    i.vTaskPlaceOnEventList                  0x080031e8   Section        0  tasks.o(i.vTaskPlaceOnEventList)
    i.vTaskPlaceOnEventListRestricted        0x0800320c   Section        0  tasks.o(i.vTaskPlaceOnEventListRestricted)
    i.vTaskStartScheduler                    0x0800323c   Section        0  tasks.o(i.vTaskStartScheduler)
    i.vTaskSuspendAll                        0x080032a4   Section        0  tasks.o(i.vTaskSuspendAll)
    i.vTaskSwitchContext                     0x080032b4   Section        0  tasks.o(i.vTaskSwitchContext)
    i.xPortStartScheduler                    0x0800330c   Section        0  port.o(i.xPortStartScheduler)
    i.xPortSysTickHandler                    0x0800333c   Section        0  port.o(i.xPortSysTickHandler)
    i.xQueueGenericCreateStatic              0x08003360   Section        0  queue.o(i.xQueueGenericCreateStatic)
    i.xQueueGenericReset                     0x080033a0   Section        0  queue.o(i.xQueueGenericReset)
    i.xQueueGenericSend                      0x0800340c   Section        0  queue.o(i.xQueueGenericSend)
    i.xQueueGenericSendFromISR               0x08003524   Section        0  queue.o(i.xQueueGenericSendFromISR)
    i.xQueueReceive                          0x080035b2   Section        0  queue.o(i.xQueueReceive)
    i.xTaskCheckForTimeOut                   0x080036b4   Section        0  tasks.o(i.xTaskCheckForTimeOut)
    i.xTaskCreate                            0x08003710   Section        0  tasks.o(i.xTaskCreate)
    i.xTaskCreateStatic                      0x08003762   Section        0  tasks.o(i.xTaskCreateStatic)
    i.xTaskGetSchedulerState                 0x080037a8   Section        0  tasks.o(i.xTaskGetSchedulerState)
    i.xTaskGetTickCount                      0x080037c8   Section        0  tasks.o(i.xTaskGetTickCount)
    i.xTaskIncrementTick                     0x080037d4   Section        0  tasks.o(i.xTaskIncrementTick)
    i.xTaskPriorityDisinherit                0x08003890   Section        0  tasks.o(i.xTaskPriorityDisinherit)
    i.xTaskRemoveFromEventList               0x080038f8   Section        0  tasks.o(i.xTaskRemoveFromEventList)
    i.xTaskResumeAll                         0x0800395c   Section        0  tasks.o(i.xTaskResumeAll)
    i.xTimerCreateTimerTask                  0x08003a0c   Section        0  timers.o(i.xTimerCreateTimerTask)
    i.xTimerGenericCommand                   0x08003a64   Section        0  timers.o(i.xTimerGenericCommand)
    .constdata                               0x08003ab8   Section       36  main.o(.constdata)
    .constdata                               0x08003adc   Section       24  stm32g0xx_hal_uart.o(.constdata)
    .constdata                               0x08003af4   Section       64  system_stm32g0xx.o(.constdata)
    .constdata                               0x08003b34   Section       32  system_stm32g0xx.o(.constdata)
    .conststring                             0x08003b54   Section       12  main.o(.conststring)
    .data                                    0x20000000   Section        4  main.o(.data)
    .data                                    0x20000004   Section       12  stm32g0xx_hal.o(.data)
    .data                                    0x20000010   Section        4  system_stm32g0xx.o(.data)
    .data                                    0x20000014   Section       60  tasks.o(.data)
    uxDeletedTasksWaitingCleanUp             0x20000018   Data           4  tasks.o(.data)
    uxCurrentNumberOfTasks                   0x2000001c   Data           4  tasks.o(.data)
    xTickCount                               0x20000020   Data           4  tasks.o(.data)
    uxTopReadyPriority                       0x20000024   Data           4  tasks.o(.data)
    xSchedulerRunning                        0x20000028   Data           4  tasks.o(.data)
    xPendedTicks                             0x2000002c   Data           4  tasks.o(.data)
    xYieldPending                            0x20000030   Data           4  tasks.o(.data)
    xNumOfOverflows                          0x20000034   Data           4  tasks.o(.data)
    uxTaskNumber                             0x20000038   Data           4  tasks.o(.data)
    xNextTaskUnblockTime                     0x2000003c   Data           4  tasks.o(.data)
    xIdleTaskHandle                          0x20000040   Data           4  tasks.o(.data)
    uxSchedulerSuspended                     0x20000044   Data           4  tasks.o(.data)
    pxDelayedTaskList                        0x20000048   Data           4  tasks.o(.data)
    pxOverflowDelayedTaskList                0x2000004c   Data           4  tasks.o(.data)
    .data                                    0x20000050   Section       20  timers.o(.data)
    xTimerQueue                              0x20000050   Data           4  timers.o(.data)
    xTimerTaskHandle                         0x20000054   Data           4  timers.o(.data)
    xLastTime                                0x20000058   Data           4  timers.o(.data)
    pxCurrentTimerList                       0x2000005c   Data           4  timers.o(.data)
    pxOverflowTimerList                      0x20000060   Data           4  timers.o(.data)
    .data                                    0x20000064   Section        4  cmsis_os2.o(.data)
    KernelState                              0x20000064   Data           4  cmsis_os2.o(.data)
    .data                                    0x20000068   Section       32  heap_4.o(.data)
    pxEnd                                    0x20000068   Data           4  heap_4.o(.data)
    xFreeBytesRemaining                      0x2000006c   Data           4  heap_4.o(.data)
    xMinimumEverFreeBytesRemaining           0x20000070   Data           4  heap_4.o(.data)
    xNumberOfSuccessfulAllocations           0x20000074   Data           4  heap_4.o(.data)
    xNumberOfSuccessfulFrees                 0x20000078   Data           4  heap_4.o(.data)
    xBlockAllocatedBit                       0x2000007c   Data           4  heap_4.o(.data)
    xStart                                   0x20000080   Data           8  heap_4.o(.data)
    .data                                    0x20000088   Section        4  port.o(.data)
    uxCriticalNesting                        0x20000088   Data           4  port.o(.data)
    .bss                                     0x2000008c   Section      828  main.o(.bss)
    .bss                                     0x200003c8   Section       76  stm32g0xx_hal_timebase_tim.o(.bss)
    .bss                                     0x20000414   Section       64  queue.o(.bss)
    .bss                                     0x20000454   Section     1220  tasks.o(.bss)
    pxReadyTasksLists                        0x20000454   Data        1120  tasks.o(.bss)
    xDelayedTaskList1                        0x200008b4   Data          20  tasks.o(.bss)
    xDelayedTaskList2                        0x200008c8   Data          20  tasks.o(.bss)
    xPendingReadyList                        0x200008dc   Data          20  tasks.o(.bss)
    xTasksWaitingTermination                 0x200008f0   Data          20  tasks.o(.bss)
    xSuspendedTaskList                       0x20000904   Data          20  tasks.o(.bss)
    .bss                                     0x20000918   Section      280  timers.o(.bss)
    xStaticTimerQueue                        0x20000918   Data          80  timers.o(.bss)
    ucStaticTimerQueueStorage                0x20000968   Data         160  timers.o(.bss)
    xActiveTimerList1                        0x20000a08   Data          20  timers.o(.bss)
    xActiveTimerList2                        0x20000a1c   Data          20  timers.o(.bss)
    .bss                                     0x20000a30   Section     1720  cmsis_os2.o(.bss)
    Idle_TCB                                 0x20000a30   Data          92  cmsis_os2.o(.bss)
    Idle_Stack                               0x20000a8c   Data         512  cmsis_os2.o(.bss)
    Timer_TCB                                0x20000c8c   Data          92  cmsis_os2.o(.bss)
    Timer_Stack                              0x20000ce8   Data        1024  cmsis_os2.o(.bss)
    .bss                                     0x200010e8   Section     3072  heap_4.o(.bss)
    ucHeap                                   0x200010e8   Data        3072  heap_4.o(.bss)
    STACK                                    0x20001ce8   Section     1024  startup_stm32g071xx.o(STACK)

    Global Symbols

    Symbol Name                              Value     Ov Type        Size  Object(Section)

    BuildAttributes$$THM_ISAv3M$S$PE$A:L22$X:L11$S22$IEEE1$IW$USESV6$~STKCKD$USESV7$~SHL$OSPACE$EBA8$MICROLIB$REQ8$PRES8$EABIv2 0x00000000   Number         0  anon$$obj.o ABSOLUTE
    __ARM_use_no_argv                        0x00000000   Number         0  main.o ABSOLUTE
    __cpp_initialize__aeabi_                  - Undefined Weak Reference
    __cxa_finalize                            - Undefined Weak Reference
    __decompress                              - Undefined Weak Reference
    _clock_init                               - Undefined Weak Reference
    _microlib_exit                            - Undefined Weak Reference
    __Vectors_Size                           0x000000bc   Number         0  startup_stm32g071xx.o ABSOLUTE
    __Vectors                                0x08000000   Data           4  startup_stm32g071xx.o(RESET)
    __Vectors_End                            0x080000bc   Data           0  startup_stm32g071xx.o(RESET)
    __main                                   0x080000bd   Thumb Code     0  entry.o(.ARM.Collect$$$$00000000)
    _main_stk                                0x080000bd   Thumb Code     0  entry2.o(.ARM.Collect$$$$00000001)
    _main_scatterload                        0x080000c1   Thumb Code     0  entry5.o(.ARM.Collect$$$$00000004)
    __main_after_scatterload                 0x080000c5   Thumb Code     0  entry5.o(.ARM.Collect$$$$00000004)
    _main_clock                              0x080000c5   Thumb Code     0  entry7b.o(.ARM.Collect$$$$00000008)
    _main_cpp_init                           0x080000c5   Thumb Code     0  entry8b.o(.ARM.Collect$$$$0000000A)
    _main_init                               0x080000c5   Thumb Code     0  entry9a.o(.ARM.Collect$$$$0000000B)
    __rt_final_cpp                           0x080000cd   Thumb Code     0  entry10a.o(.ARM.Collect$$$$0000000D)
    __rt_final_exit                          0x080000cd   Thumb Code     0  entry11a.o(.ARM.Collect$$$$0000000F)
    __asm___6_port_c_39a90d8d__prvPortStartFirstTask 0x080000d1   Thumb Code    36  port.o(.emb_text)
    ulSetInterruptMaskFromISR                0x080000f9   Thumb Code     8  port.o(.emb_text)
    vClearInterruptMaskFromISR               0x08000101   Thumb Code     6  port.o(.emb_text)
    PendSV_Handler                           0x08000107   Thumb Code    62  port.o(.emb_text)
    Reset_Handler                            0x08000149   Thumb Code     8  startup_stm32g071xx.o(.text)
    ADC1_COMP_IRQHandler                     0x0800015b   Thumb Code     0  startup_stm32g071xx.o(.text)
    CEC_IRQHandler                           0x0800015b   Thumb Code     0  startup_stm32g071xx.o(.text)
    DMA1_Ch4_7_DMAMUX1_OVR_IRQHandler        0x0800015b   Thumb Code     0  startup_stm32g071xx.o(.text)
    DMA1_Channel1_IRQHandler                 0x0800015b   Thumb Code     0  startup_stm32g071xx.o(.text)
    DMA1_Channel2_3_IRQHandler               0x0800015b   Thumb Code     0  startup_stm32g071xx.o(.text)
    EXTI0_1_IRQHandler                       0x0800015b   Thumb Code     0  startup_stm32g071xx.o(.text)
    EXTI2_3_IRQHandler                       0x0800015b   Thumb Code     0  startup_stm32g071xx.o(.text)
    EXTI4_15_IRQHandler                      0x0800015b   Thumb Code     0  startup_stm32g071xx.o(.text)
    FLASH_IRQHandler                         0x0800015b   Thumb Code     0  startup_stm32g071xx.o(.text)
    I2C1_IRQHandler                          0x0800015b   Thumb Code     0  startup_stm32g071xx.o(.text)
    I2C2_IRQHandler                          0x0800015b   Thumb Code     0  startup_stm32g071xx.o(.text)
    PVD_IRQHandler                           0x0800015b   Thumb Code     0  startup_stm32g071xx.o(.text)
    RCC_IRQHandler                           0x0800015b   Thumb Code     0  startup_stm32g071xx.o(.text)
    RTC_TAMP_IRQHandler                      0x0800015b   Thumb Code     0  startup_stm32g071xx.o(.text)
    SPI1_IRQHandler                          0x0800015b   Thumb Code     0  startup_stm32g071xx.o(.text)
    SPI2_IRQHandler                          0x0800015b   Thumb Code     0  startup_stm32g071xx.o(.text)
    TIM14_IRQHandler                         0x0800015b   Thumb Code     0  startup_stm32g071xx.o(.text)
    TIM15_IRQHandler                         0x0800015b   Thumb Code     0  startup_stm32g071xx.o(.text)
    TIM16_IRQHandler                         0x0800015b   Thumb Code     0  startup_stm32g071xx.o(.text)
    TIM17_IRQHandler                         0x0800015b   Thumb Code     0  startup_stm32g071xx.o(.text)
    TIM1_BRK_UP_TRG_COM_IRQHandler           0x0800015b   Thumb Code     0  startup_stm32g071xx.o(.text)
    TIM1_CC_IRQHandler                       0x0800015b   Thumb Code     0  startup_stm32g071xx.o(.text)
    TIM2_IRQHandler                          0x0800015b   Thumb Code     0  startup_stm32g071xx.o(.text)
    TIM3_IRQHandler                          0x0800015b   Thumb Code     0  startup_stm32g071xx.o(.text)
    TIM6_DAC_LPTIM1_IRQHandler               0x0800015b   Thumb Code     0  startup_stm32g071xx.o(.text)
    UCPD1_2_IRQHandler                       0x0800015b   Thumb Code     0  startup_stm32g071xx.o(.text)
    USART1_IRQHandler                        0x0800015b   Thumb Code     0  startup_stm32g071xx.o(.text)
    USART2_IRQHandler                        0x0800015b   Thumb Code     0  startup_stm32g071xx.o(.text)
    USART3_4_LPUART1_IRQHandler              0x0800015b   Thumb Code     0  startup_stm32g071xx.o(.text)
    WWDG_IRQHandler                          0x0800015b   Thumb Code     0  startup_stm32g071xx.o(.text)
    __aeabi_uidiv                            0x08000165   Thumb Code     0  uidiv.o(.text)
    __aeabi_uidivmod                         0x08000165   Thumb Code    44  uidiv.o(.text)
    __aeabi_uldivmod                         0x08000191   Thumb Code    96  uldiv.o(.text)
    __aeabi_memcpy                           0x080001f1   Thumb Code    36  memcpya.o(.text)
    __aeabi_memcpy4                          0x080001f1   Thumb Code     0  memcpya.o(.text)
    __aeabi_memcpy8                          0x080001f1   Thumb Code     0  memcpya.o(.text)
    __aeabi_memset                           0x08000215   Thumb Code    14  memseta.o(.text)
    __aeabi_memset4                          0x08000215   Thumb Code     0  memseta.o(.text)
    __aeabi_memset8                          0x08000215   Thumb Code     0  memseta.o(.text)
    __aeabi_memclr                           0x08000223   Thumb Code     4  memseta.o(.text)
    __aeabi_memclr4                          0x08000223   Thumb Code     0  memseta.o(.text)
    __aeabi_memclr8                          0x08000223   Thumb Code     0  memseta.o(.text)
    memset                                   0x08000227   Thumb Code    18  memseta.o(.text)
    __aeabi_llsl                             0x08000239   Thumb Code    32  llshl.o(.text)
    _ll_shift_l                              0x08000239   Thumb Code     0  llshl.o(.text)
    __aeabi_llsr                             0x08000259   Thumb Code    34  llushr.o(.text)
    _ll_ushift_r                             0x08000259   Thumb Code     0  llushr.o(.text)
    __scatterload                            0x0800027d   Thumb Code    28  init.o(.text)
    __scatterload_rt2                        0x0800027d   Thumb Code     0  init.o(.text)
    HAL_GPIO_Init                            0x080002a1   Thumb Code   330  stm32g0xx_hal_gpio.o(i.HAL_GPIO_Init)
    HAL_GPIO_WritePin                        0x080003fd   Thumb Code    12  stm32g0xx_hal_gpio.o(i.HAL_GPIO_WritePin)
    HAL_GetTick                              0x08000409   Thumb Code     6  stm32g0xx_hal.o(i.HAL_GetTick)
    HAL_I2CEx_ConfigAnalogFilter             0x08000415   Thumb Code    74  stm32g0xx_hal_i2c_ex.o(i.HAL_I2CEx_ConfigAnalogFilter)
    HAL_I2CEx_ConfigDigitalFilter            0x0800045f   Thumb Code    72  stm32g0xx_hal_i2c_ex.o(i.HAL_I2CEx_ConfigDigitalFilter)
    HAL_I2C_Init                             0x080004a9   Thumb Code   176  stm32g0xx_hal_i2c.o(i.HAL_I2C_Init)
    HAL_I2C_MspInit                          0x0800055d   Thumb Code    88  stm32g0xx_hal_msp.o(i.HAL_I2C_MspInit)
    HAL_IncTick                              0x080005c1   Thumb Code    12  stm32g0xx_hal.o(i.HAL_IncTick)
    HAL_Init                                 0x080005d1   Thumb Code    36  stm32g0xx_hal.o(i.HAL_Init)
    HAL_InitTick                             0x080005f9   Thumb Code    98  stm32g0xx_hal_timebase_tim.o(i.HAL_InitTick)
    HAL_MspInit                              0x08000671   Thumb Code    56  stm32g0xx_hal_msp.o(i.HAL_MspInit)
    HAL_NVIC_EnableIRQ                       0x080006ad   Thumb Code    18  stm32g0xx_hal_cortex.o(i.HAL_NVIC_EnableIRQ)
    HAL_NVIC_SetPriority                     0x080006c5   Thumb Code     8  stm32g0xx_hal_cortex.o(i.HAL_NVIC_SetPriority)
    HAL_PWREx_ControlVoltageScaling          0x080006cd   Thumb Code    62  stm32g0xx_hal_pwr_ex.o(i.HAL_PWREx_ControlVoltageScaling)
    HAL_RCCEx_PeriphCLKConfig                0x08000719   Thumb Code   460  stm32g0xx_hal_rcc_ex.o(i.HAL_RCCEx_PeriphCLKConfig)
    HAL_RCC_ClockConfig                      0x080008f9   Thumb Code   318  stm32g0xx_hal_rcc.o(i.HAL_RCC_ClockConfig)
    HAL_RCC_GetClockConfig                   0x08000a51   Thumb Code    48  stm32g0xx_hal_rcc.o(i.HAL_RCC_GetClockConfig)
    HAL_RCC_GetPCLK1Freq                     0x08000a89   Thumb Code    26  stm32g0xx_hal_rcc.o(i.HAL_RCC_GetPCLK1Freq)
    HAL_RCC_GetSysClockFreq                  0x08000ab1   Thumb Code   130  stm32g0xx_hal_rcc.o(i.HAL_RCC_GetSysClockFreq)
    HAL_RCC_OscConfig                        0x08000b3d   Thumb Code   970  stm32g0xx_hal_rcc.o(i.HAL_RCC_OscConfig)
    HAL_RS485Ex_Init                         0x08000f2d   Thumb Code   138  stm32g0xx_hal_uart_ex.o(i.HAL_RS485Ex_Init)
    HAL_SPI_Init                             0x08000fbd   Thumb Code   238  stm32g0xx_hal_spi.o(i.HAL_SPI_Init)
    HAL_SPI_MspInit                          0x080010ad   Thumb Code    82  stm32g0xx_hal_msp.o(i.HAL_SPI_MspInit)
    HAL_SYSCFG_StrobeDBattpinsConfig         0x0800110d   Thumb Code    16  stm32g0xx_hal.o(i.HAL_SYSCFG_StrobeDBattpinsConfig)
    HAL_TIMEx_Break2Callback                 0x08001121   Thumb Code     2  stm32g0xx_hal_tim_ex.o(i.HAL_TIMEx_Break2Callback)
    HAL_TIMEx_BreakCallback                  0x08001123   Thumb Code     2  stm32g0xx_hal_tim_ex.o(i.HAL_TIMEx_BreakCallback)
    HAL_TIMEx_CommutCallback                 0x08001125   Thumb Code     2  stm32g0xx_hal_tim_ex.o(i.HAL_TIMEx_CommutCallback)
    HAL_TIMEx_ConfigBreakDeadTime            0x08001129   Thumb Code   168  stm32g0xx_hal_tim_ex.o(i.HAL_TIMEx_ConfigBreakDeadTime)
    HAL_TIMEx_MasterConfigSynchronization    0x080011d5   Thumb Code   104  stm32g0xx_hal_tim_ex.o(i.HAL_TIMEx_MasterConfigSynchronization)
    HAL_TIM_Base_Init                        0x08001249   Thumb Code    76  stm32g0xx_hal_tim.o(i.HAL_TIM_Base_Init)
    HAL_TIM_Base_MspInit                     0x08001295   Thumb Code    28  stm32g0xx_hal_msp.o(i.HAL_TIM_Base_MspInit)
    HAL_TIM_Base_Start_IT                    0x080012b9   Thumb Code    80  stm32g0xx_hal_tim.o(i.HAL_TIM_Base_Start_IT)
    HAL_TIM_ConfigClockSource                0x08001319   Thumb Code   210  stm32g0xx_hal_tim.o(i.HAL_TIM_ConfigClockSource)
    HAL_TIM_IC_CaptureCallback               0x080013f1   Thumb Code     2  stm32g0xx_hal_tim.o(i.HAL_TIM_IC_CaptureCallback)
    HAL_TIM_IRQHandler                       0x080013f5   Thumb Code   382  stm32g0xx_hal_tim.o(i.HAL_TIM_IRQHandler)
    HAL_TIM_MspPostInit                      0x08001579   Thumb Code    68  stm32g0xx_hal_msp.o(i.HAL_TIM_MspPostInit)
    HAL_TIM_OC_DelayElapsedCallback          0x080015c5   Thumb Code     2  stm32g0xx_hal_tim.o(i.HAL_TIM_OC_DelayElapsedCallback)
    HAL_TIM_PWM_ConfigChannel                0x080015c7   Thumb Code   286  stm32g0xx_hal_tim.o(i.HAL_TIM_PWM_ConfigChannel)
    HAL_TIM_PWM_Init                         0x080016e5   Thumb Code    76  stm32g0xx_hal_tim.o(i.HAL_TIM_PWM_Init)
    HAL_TIM_PWM_MspInit                      0x08001731   Thumb Code     2  stm32g0xx_hal_tim.o(i.HAL_TIM_PWM_MspInit)
    HAL_TIM_PWM_PulseFinishedCallback        0x08001733   Thumb Code     2  stm32g0xx_hal_tim.o(i.HAL_TIM_PWM_PulseFinishedCallback)
    HAL_TIM_PeriodElapsedCallback            0x08001735   Thumb Code    16  main.o(i.HAL_TIM_PeriodElapsedCallback)
    HAL_TIM_TriggerCallback                  0x08001749   Thumb Code     2  stm32g0xx_hal_tim.o(i.HAL_TIM_TriggerCallback)
    HAL_UARTEx_DisableFifoMode               0x0800174b   Thumb Code    60  stm32g0xx_hal_uart_ex.o(i.HAL_UARTEx_DisableFifoMode)
    HAL_UARTEx_SetRxFifoThreshold            0x08001787   Thumb Code    72  stm32g0xx_hal_uart_ex.o(i.HAL_UARTEx_SetRxFifoThreshold)
    HAL_UARTEx_SetTxFifoThreshold            0x080017cf   Thumb Code    70  stm32g0xx_hal_uart_ex.o(i.HAL_UARTEx_SetTxFifoThreshold)
    HAL_UART_Init                            0x08001815   Thumb Code   108  stm32g0xx_hal_uart.o(i.HAL_UART_Init)
    HAL_UART_MspInit                         0x08001881   Thumb Code   230  stm32g0xx_hal_msp.o(i.HAL_UART_MspInit)
    HardFault_Handler                        0x08001985   Thumb Code     2  stm32g0xx_it.o(i.HardFault_Handler)
    NMI_Handler                              0x08001ce5   Thumb Code     2  stm32g0xx_it.o(i.NMI_Handler)
    SVC_Handler                              0x08001ce7   Thumb Code     2  port.o(i.SVC_Handler)
    StartDefaultTask                         0x08001ce9   Thumb Code     8  main.o(i.StartDefaultTask)
    SysTick_Handler                          0x08001cf1   Thumb Code    20  cmsis_os2.o(i.SysTick_Handler)
    SystemClock_Config                       0x08001d09   Thumb Code   142  main.o(i.SystemClock_Config)
    SystemInit                               0x08001d9d   Thumb Code    10  system_stm32g0xx.o(i.SystemInit)
    TIM7_LPTIM2_IRQHandler                   0x08001dad   Thumb Code    10  stm32g0xx_it.o(i.TIM7_LPTIM2_IRQHandler)
    TIM_Base_SetConfig                       0x08001dbd   Thumb Code   124  stm32g0xx_hal_tim.o(i.TIM_Base_SetConfig)
    TIM_ETR_SetConfig                        0x08001e51   Thumb Code    22  stm32g0xx_hal_tim.o(i.TIM_ETR_SetConfig)
    TIM_OC2_SetConfig                        0x08001f09   Thumb Code   112  stm32g0xx_hal_tim.o(i.TIM_OC2_SetConfig)
    UART_AdvFeatureConfig                    0x08002201   Thumb Code   202  stm32g0xx_hal_uart.o(i.UART_AdvFeatureConfig)
    UART_CheckIdleState                      0x080022cd   Thumb Code    94  stm32g0xx_hal_uart.o(i.UART_CheckIdleState)
    UART_SetConfig                           0x08002331   Thumb Code   522  stm32g0xx_hal_uart.o(i.UART_SetConfig)
    UART_WaitOnFlagUntilTimeout              0x0800256d   Thumb Code   156  stm32g0xx_hal_uart.o(i.UART_WaitOnFlagUntilTimeout)
    __ARM_common_switch8                     0x08002609   Thumb Code    26  stm32g0xx_hal_dma.o(i.__ARM_common_switch8)
    __scatterload_copy                       0x08002669   Thumb Code    14  handlers.o(i.__scatterload_copy)
    __scatterload_null                       0x08002677   Thumb Code     2  handlers.o(i.__scatterload_null)
    __scatterload_zeroinit                   0x08002679   Thumb Code    14  handlers.o(i.__scatterload_zeroinit)
    main                                     0x08002689   Thumb Code    64  main.o(i.main)
    osDelay                                  0x080026d5   Thumb Code    30  cmsis_os2.o(i.osDelay)
    osKernelInitialize                       0x080026f5   Thumb Code    36  cmsis_os2.o(i.osKernelInitialize)
    osKernelStart                            0x0800271d   Thumb Code    52  cmsis_os2.o(i.osKernelStart)
    osThreadNew                              0x08002759   Thumb Code   150  cmsis_os2.o(i.osThreadNew)
    pvPortMalloc                             0x08002ee9   Thumb Code   178  heap_4.o(i.pvPortMalloc)
    pxPortInitialiseStack                    0x08002fa1   Thumb Code    28  port.o(i.pxPortInitialiseStack)
    uxListRemove                             0x08002fc1   Thumb Code    38  list.o(i.uxListRemove)
    vApplicationGetIdleTaskMemory            0x08002fe9   Thumb Code    16  cmsis_os2.o(i.vApplicationGetIdleTaskMemory)
    vApplicationGetTimerTaskMemory           0x08002ffd   Thumb Code    18  cmsis_os2.o(i.vApplicationGetTimerTaskMemory)
    vListInitialise                          0x08003015   Thumb Code    22  list.o(i.vListInitialise)
    vListInitialiseItem                      0x0800302b   Thumb Code     6  list.o(i.vListInitialiseItem)
    vListInsert                              0x08003031   Thumb Code    48  list.o(i.vListInsert)
    vListInsertEnd                           0x08003061   Thumb Code    24  list.o(i.vListInsertEnd)
    vPortEnterCritical                       0x08003079   Thumb Code    20  port.o(i.vPortEnterCritical)
    vPortExitCritical                        0x08003091   Thumb Code    22  port.o(i.vPortExitCritical)
    vPortFree                                0x080030ad   Thumb Code    68  heap_4.o(i.vPortFree)
    vPortSetupTimerInterrupt                 0x080030f5   Thumb Code    32  port.o(i.vPortSetupTimerInterrupt)
    vPortYield                               0x0800311d   Thumb Code    18  port.o(i.vPortYield)
    vQueueAddToRegistry                      0x08003135   Thumb Code    32  queue.o(i.vQueueAddToRegistry)
    vQueueWaitForMessageRestricted           0x08003159   Thumb Code    68  queue.o(i.vQueueWaitForMessageRestricted)
    vTaskDelay                               0x0800319d   Thumb Code    44  tasks.o(i.vTaskDelay)
    vTaskInternalSetTimeOutState             0x080031cd   Thumb Code    12  tasks.o(i.vTaskInternalSetTimeOutState)
    vTaskMissedYield                         0x080031dd   Thumb Code     8  tasks.o(i.vTaskMissedYield)
    vTaskPlaceOnEventList                    0x080031e9   Thumb Code    32  tasks.o(i.vTaskPlaceOnEventList)
    vTaskPlaceOnEventListRestricted          0x0800320d   Thumb Code    42  tasks.o(i.vTaskPlaceOnEventListRestricted)
    vTaskStartScheduler                      0x0800323d   Thumb Code    88  tasks.o(i.vTaskStartScheduler)
    vTaskSuspendAll                          0x080032a5   Thumb Code    10  tasks.o(i.vTaskSuspendAll)
    vTaskSwitchContext                       0x080032b5   Thumb Code    78  tasks.o(i.vTaskSwitchContext)
    xPortStartScheduler                      0x0800330d   Thumb Code    40  port.o(i.xPortStartScheduler)
    xPortSysTickHandler                      0x0800333d   Thumb Code    32  port.o(i.xPortSysTickHandler)
    xQueueGenericCreateStatic                0x08003361   Thumb Code    64  queue.o(i.xQueueGenericCreateStatic)
    xQueueGenericReset                       0x080033a1   Thumb Code   108  queue.o(i.xQueueGenericReset)
    xQueueGenericSend                        0x0800340d   Thumb Code   280  queue.o(i.xQueueGenericSend)
    xQueueGenericSendFromISR                 0x08003525   Thumb Code   142  queue.o(i.xQueueGenericSendFromISR)
    xQueueReceive                            0x080035b3   Thumb Code   258  queue.o(i.xQueueReceive)
    xTaskCheckForTimeOut                     0x080036b5   Thumb Code    86  tasks.o(i.xTaskCheckForTimeOut)
    xTaskCreate                              0x08003711   Thumb Code    82  tasks.o(i.xTaskCreate)
    xTaskCreateStatic                        0x08003763   Thumb Code    68  tasks.o(i.xTaskCreateStatic)
    xTaskGetSchedulerState                   0x080037a9   Thumb Code    26  tasks.o(i.xTaskGetSchedulerState)
    xTaskGetTickCount                        0x080037c9   Thumb Code     6  tasks.o(i.xTaskGetTickCount)
    xTaskIncrementTick                       0x080037d5   Thumb Code   180  tasks.o(i.xTaskIncrementTick)
    xTaskPriorityDisinherit                  0x08003891   Thumb Code    96  tasks.o(i.xTaskPriorityDisinherit)
    xTaskRemoveFromEventList                 0x080038f9   Thumb Code    88  tasks.o(i.xTaskRemoveFromEventList)
    xTaskResumeAll                           0x0800395d   Thumb Code   162  tasks.o(i.xTaskResumeAll)
    xTimerCreateTimerTask                    0x08003a0d   Thumb Code    72  timers.o(i.xTimerCreateTimerTask)
    xTimerGenericCommand                     0x08003a65   Thumb Code    80  timers.o(i.xTimerGenericCommand)
    defaultTask_attributes                   0x08003ab8   Data          36  main.o(.constdata)
    UARTPrescTable                           0x08003adc   Data          24  stm32g0xx_hal_uart.o(.constdata)
    AHBPrescTable                            0x08003af4   Data          64  system_stm32g0xx.o(.constdata)
    APBPrescTable                            0x08003b34   Data          32  system_stm32g0xx.o(.constdata)
    Region$$Table$$Base                      0x08003b60   Number         0  anon$$obj.o(Region$$Table)
    Region$$Table$$Limit                     0x08003b80   Number         0  anon$$obj.o(Region$$Table)
    defaultTaskHandle                        0x20000000   Data           4  main.o(.data)
    uwTickFreq                               0x20000004   Data           1  stm32g0xx_hal.o(.data)
    uwTickPrio                               0x20000008   Data           4  stm32g0xx_hal.o(.data)
    uwTick                                   0x2000000c   Data           4  stm32g0xx_hal.o(.data)
    SystemCoreClock                          0x20000010   Data           4  system_stm32g0xx.o(.data)
    pxCurrentTCB                             0x20000014   Data           4  tasks.o(.data)
    hi2c1                                    0x2000008c   Data          76  main.o(.bss)
    hspi1                                    0x200000d8   Data         100  main.o(.bss)
    htim1                                    0x2000013c   Data          76  main.o(.bss)
    huart1                                   0x20000188   Data         144  main.o(.bss)
    huart2                                   0x20000218   Data         144  main.o(.bss)
    huart3                                   0x200002a8   Data         144  main.o(.bss)
    huart4                                   0x20000338   Data         144  main.o(.bss)
    htim7                                    0x200003c8   Data          76  stm32g0xx_hal_timebase_tim.o(.bss)
    xQueueRegistry                           0x20000414   Data          64  queue.o(.bss)
    __initial_sp                             0x200020e8   Data           0  startup_stm32g071xx.o(STACK)



==============================================================================

Memory Map of the image

  Image Entry point : 0x080000bd

  Load Region LR_IROM1 (Base: 0x08000000, Size: 0x00003c0c, Max: 0x00020000, ABSOLUTE)

    Execution Region ER_IROM1 (Exec base: 0x08000000, Load base: 0x08000000, Size: 0x00003b80, Max: 0x00020000, ABSOLUTE)

    Exec Addr    Load Addr    Size         Type   Attr      Idx    E Section Name        Object

    0x08000000   0x08000000   0x000000bc   Data   RO            3    RESET               startup_stm32g071xx.o
    0x080000bc   0x080000bc   0x00000000   Code   RO         5786  * .ARM.Collect$$$$00000000  mc_p.l(entry.o)
    0x080000bc   0x080000bc   0x00000004   Code   RO         5801    .ARM.Collect$$$$00000001  mc_p.l(entry2.o)
    0x080000c0   0x080000c0   0x00000004   Code   RO         5804    .ARM.Collect$$$$00000004  mc_p.l(entry5.o)
    0x080000c4   0x080000c4   0x00000000   Code   RO         5806    .ARM.Collect$$$$00000008  mc_p.l(entry7b.o)
    0x080000c4   0x080000c4   0x00000000   Code   RO         5808    .ARM.Collect$$$$0000000A  mc_p.l(entry8b.o)
    0x080000c4   0x080000c4   0x00000008   Code   RO         5809    .ARM.Collect$$$$0000000B  mc_p.l(entry9a.o)
    0x080000cc   0x080000cc   0x00000000   Code   RO         5811    .ARM.Collect$$$$0000000D  mc_p.l(entry10a.o)
    0x080000cc   0x080000cc   0x00000000   Code   RO         5813    .ARM.Collect$$$$0000000F  mc_p.l(entry11a.o)
    0x080000cc   0x080000cc   0x00000004   Code   RO         5802    .ARM.Collect$$$$00002712  mc_p.l(entry2.o)
    0x080000d0   0x080000d0   0x00000078   Code   RO         5715    .emb_text           port.o
    0x08000148   0x08000148   0x0000001c   Code   RO            4    .text               startup_stm32g071xx.o
    0x08000164   0x08000164   0x0000002c   Code   RO         5789    .text               mc_p.l(uidiv.o)
    0x08000190   0x08000190   0x00000060   Code   RO         5791    .text               mc_p.l(uldiv.o)
    0x080001f0   0x080001f0   0x00000024   Code   RO         5793    .text               mc_p.l(memcpya.o)
    0x08000214   0x08000214   0x00000024   Code   RO         5797    .text               mc_p.l(memseta.o)
    0x08000238   0x08000238   0x00000020   Code   RO         5815    .text               mc_p.l(llshl.o)
    0x08000258   0x08000258   0x00000022   Code   RO         5817    .text               mc_p.l(llushr.o)
    0x0800027a   0x0800027a   0x00000002   PAD
    0x0800027c   0x0800027c   0x00000024   Code   RO         5819    .text               mc_p.l(init.o)
    0x080002a0   0x080002a0   0x0000015c   Code   RO          784    i.HAL_GPIO_Init     stm32g0xx_hal_gpio.o
    0x080003fc   0x080003fc   0x0000000c   Code   RO          788    i.HAL_GPIO_WritePin  stm32g0xx_hal_gpio.o
    0x08000408   0x08000408   0x0000000c   Code   RO         1381    i.HAL_GetTick       stm32g0xx_hal.o
    0x08000414   0x08000414   0x0000004a   Code   RO         2116    i.HAL_I2CEx_ConfigAnalogFilter  stm32g0xx_hal_i2c_ex.o
    0x0800045e   0x0800045e   0x00000048   Code   RO         2117    i.HAL_I2CEx_ConfigDigitalFilter  stm32g0xx_hal_i2c_ex.o
    0x080004a6   0x080004a6   0x00000002   PAD
    0x080004a8   0x080004a8   0x000000b4   Code   RO         1669    i.HAL_I2C_Init      stm32g0xx_hal_i2c.o
    0x0800055c   0x0800055c   0x00000064   Code   RO          313    i.HAL_I2C_MspInit   stm32g0xx_hal_msp.o
    0x080005c0   0x080005c0   0x00000010   Code   RO         1387    i.HAL_IncTick       stm32g0xx_hal.o
    0x080005d0   0x080005d0   0x00000028   Code   RO         1388    i.HAL_Init          stm32g0xx_hal.o
    0x080005f8   0x080005f8   0x00000078   Code   RO          386    i.HAL_InitTick      stm32g0xx_hal_timebase_tim.o
    0x08000670   0x08000670   0x0000003c   Code   RO          314    i.HAL_MspInit       stm32g0xx_hal_msp.o
    0x080006ac   0x080006ac   0x00000018   Code   RO         1265    i.HAL_NVIC_EnableIRQ  stm32g0xx_hal_cortex.o
    0x080006c4   0x080006c4   0x00000008   Code   RO         1269    i.HAL_NVIC_SetPriority  stm32g0xx_hal_cortex.o
    0x080006cc   0x080006cc   0x0000004c   Code   RO         1085    i.HAL_PWREx_ControlVoltageScaling  stm32g0xx_hal_pwr_ex.o
    0x08000718   0x08000718   0x000001e0   Code   RO          532    i.HAL_RCCEx_PeriphCLKConfig  stm32g0xx_hal_rcc_ex.o
    0x080008f8   0x080008f8   0x00000158   Code   RO          422    i.HAL_RCC_ClockConfig  stm32g0xx_hal_rcc.o
    0x08000a50   0x08000a50   0x00000038   Code   RO          427    i.HAL_RCC_GetClockConfig  stm32g0xx_hal_rcc.o
    0x08000a88   0x08000a88   0x00000028   Code   RO          430    i.HAL_RCC_GetPCLK1Freq  stm32g0xx_hal_rcc.o
    0x08000ab0   0x08000ab0   0x0000008c   Code   RO          431    i.HAL_RCC_GetSysClockFreq  stm32g0xx_hal_rcc.o
    0x08000b3c   0x08000b3c   0x000003f0   Code   RO          435    i.HAL_RCC_OscConfig  stm32g0xx_hal_rcc.o
    0x08000f2c   0x08000f2c   0x00000090   Code   RO         3935    i.HAL_RS485Ex_Init  stm32g0xx_hal_uart_ex.o
    0x08000fbc   0x08000fbc   0x000000ee   Code   RO         2177    i.HAL_SPI_Init      stm32g0xx_hal_spi.o
    0x080010aa   0x080010aa   0x00000002   PAD
    0x080010ac   0x080010ac   0x00000060   Code   RO          316    i.HAL_SPI_MspInit   stm32g0xx_hal_msp.o
    0x0800110c   0x0800110c   0x00000014   Code   RO         1399    i.HAL_SYSCFG_StrobeDBattpinsConfig  stm32g0xx_hal.o
    0x08001120   0x08001120   0x00000002   Code   RO         3221    i.HAL_TIMEx_Break2Callback  stm32g0xx_hal_tim_ex.o
    0x08001122   0x08001122   0x00000002   Code   RO         3222    i.HAL_TIMEx_BreakCallback  stm32g0xx_hal_tim_ex.o
    0x08001124   0x08001124   0x00000002   Code   RO         3223    i.HAL_TIMEx_CommutCallback  stm32g0xx_hal_tim_ex.o
    0x08001126   0x08001126   0x00000002   PAD
    0x08001128   0x08001128   0x000000ac   Code   RO         3225    i.HAL_TIMEx_ConfigBreakDeadTime  stm32g0xx_hal_tim_ex.o
    0x080011d4   0x080011d4   0x00000074   Code   RO         3244    i.HAL_TIMEx_MasterConfigSynchronization  stm32g0xx_hal_tim_ex.o
    0x08001248   0x08001248   0x0000004c   Code   RO         2511    i.HAL_TIM_Base_Init  stm32g0xx_hal_tim.o
    0x08001294   0x08001294   0x00000024   Code   RO          318    i.HAL_TIM_Base_MspInit  stm32g0xx_hal_msp.o
    0x080012b8   0x080012b8   0x00000060   Code   RO         2516    i.HAL_TIM_Base_Start_IT  stm32g0xx_hal_tim.o
    0x08001318   0x08001318   0x000000d8   Code   RO         2520    i.HAL_TIM_ConfigClockSource  stm32g0xx_hal_tim.o
    0x080013f0   0x080013f0   0x00000002   Code   RO         2545    i.HAL_TIM_IC_CaptureCallback  stm32g0xx_hal_tim.o
    0x080013f2   0x080013f2   0x00000002   PAD
    0x080013f4   0x080013f4   0x00000184   Code   RO         2559    i.HAL_TIM_IRQHandler  stm32g0xx_hal_tim.o
    0x08001578   0x08001578   0x0000004c   Code   RO          319    i.HAL_TIM_MspPostInit  stm32g0xx_hal_msp.o
    0x080015c4   0x080015c4   0x00000002   Code   RO         2562    i.HAL_TIM_OC_DelayElapsedCallback  stm32g0xx_hal_tim.o
    0x080015c6   0x080015c6   0x0000011e   Code   RO         2583    i.HAL_TIM_PWM_ConfigChannel  stm32g0xx_hal_tim.o
    0x080016e4   0x080016e4   0x0000004c   Code   RO         2586    i.HAL_TIM_PWM_Init  stm32g0xx_hal_tim.o
    0x08001730   0x08001730   0x00000002   Code   RO         2588    i.HAL_TIM_PWM_MspInit  stm32g0xx_hal_tim.o
    0x08001732   0x08001732   0x00000002   Code   RO         2589    i.HAL_TIM_PWM_PulseFinishedCallback  stm32g0xx_hal_tim.o
    0x08001734   0x08001734   0x00000014   Code   RO           13    i.HAL_TIM_PeriodElapsedCallback  main.o
    0x08001748   0x08001748   0x00000002   Code   RO         2602    i.HAL_TIM_TriggerCallback  stm32g0xx_hal_tim.o
    0x0800174a   0x0800174a   0x0000003c   Code   RO         3936    i.HAL_UARTEx_DisableFifoMode  stm32g0xx_hal_uart_ex.o
    0x08001786   0x08001786   0x00000048   Code   RO         3944    i.HAL_UARTEx_SetRxFifoThreshold  stm32g0xx_hal_uart_ex.o
    0x080017ce   0x080017ce   0x00000046   Code   RO         3945    i.HAL_UARTEx_SetTxFifoThreshold  stm32g0xx_hal_uart_ex.o
    0x08001814   0x08001814   0x0000006c   Code   RO         3549    i.HAL_UART_Init     stm32g0xx_hal_uart.o
    0x08001880   0x08001880   0x00000104   Code   RO          321    i.HAL_UART_MspInit  stm32g0xx_hal_msp.o
    0x08001984   0x08001984   0x00000002   Code   RO          276    i.HardFault_Handler  stm32g0xx_it.o
    0x08001986   0x08001986   0x00000002   PAD
    0x08001988   0x08001988   0x00000084   Code   RO           14    i.MX_GPIO_Init      main.o
    0x08001a0c   0x08001a0c   0x00000058   Code   RO           15    i.MX_I2C1_Init      main.o
    0x08001a64   0x08001a64   0x0000004c   Code   RO           16    i.MX_SPI1_Init      main.o
    0x08001ab0   0x08001ab0   0x000000e8   Code   RO           17    i.MX_TIM1_Init      main.o
    0x08001b98   0x08001b98   0x00000068   Code   RO           18    i.MX_USART1_UART_Init  main.o
    0x08001c00   0x08001c00   0x00000068   Code   RO           19    i.MX_USART2_UART_Init  main.o
    0x08001c68   0x08001c68   0x00000040   Code   RO           20    i.MX_USART3_UART_Init  main.o
    0x08001ca8   0x08001ca8   0x0000003c   Code   RO           21    i.MX_USART4_UART_Init  main.o
    0x08001ce4   0x08001ce4   0x00000002   Code   RO          277    i.NMI_Handler       stm32g0xx_it.o
    0x08001ce6   0x08001ce6   0x00000002   Code   RO         5716    i.SVC_Handler       port.o
    0x08001ce8   0x08001ce8   0x00000008   Code   RO           22    i.StartDefaultTask  main.o
    0x08001cf0   0x08001cf0   0x00000018   Code   RO         5163    i.SysTick_Handler   cmsis_os2.o
    0x08001d08   0x08001d08   0x00000094   Code   RO           23    i.SystemClock_Config  main.o
    0x08001d9c   0x08001d9c   0x00000010   Code   RO         4044    i.SystemInit        system_stm32g0xx.o
    0x08001dac   0x08001dac   0x00000010   Code   RO          278    i.TIM7_LPTIM2_IRQHandler  stm32g0xx_it.o
    0x08001dbc   0x08001dbc   0x00000094   Code   RO         2604    i.TIM_Base_SetConfig  stm32g0xx_hal_tim.o
    0x08001e50   0x08001e50   0x00000016   Code   RO         2615    i.TIM_ETR_SetConfig  stm32g0xx_hal_tim.o
    0x08001e66   0x08001e66   0x00000002   PAD
    0x08001e68   0x08001e68   0x00000014   Code   RO         2616    i.TIM_ITRx_SetConfig  stm32g0xx_hal_tim.o
    0x08001e7c   0x08001e7c   0x0000008c   Code   RO         2617    i.TIM_OC1_SetConfig  stm32g0xx_hal_tim.o
    0x08001f08   0x08001f08   0x00000084   Code   RO         2618    i.TIM_OC2_SetConfig  stm32g0xx_hal_tim.o
    0x08001f8c   0x08001f8c   0x00000088   Code   RO         2619    i.TIM_OC3_SetConfig  stm32g0xx_hal_tim.o
    0x08002014   0x08002014   0x00000074   Code   RO         2620    i.TIM_OC4_SetConfig  stm32g0xx_hal_tim.o
    0x08002088   0x08002088   0x00000064   Code   RO         2621    i.TIM_OC5_SetConfig  stm32g0xx_hal_tim.o
    0x080020ec   0x080020ec   0x0000006c   Code   RO         2622    i.TIM_OC6_SetConfig  stm32g0xx_hal_tim.o
    0x08002158   0x08002158   0x00000022   Code   RO         2624    i.TIM_TI1_ConfigInputStage  stm32g0xx_hal_tim.o
    0x0800217a   0x0800217a   0x00000026   Code   RO         2626    i.TIM_TI2_ConfigInputStage  stm32g0xx_hal_tim.o
    0x080021a0   0x080021a0   0x00000060   Code   RO         3949    i.UARTEx_SetNbDataToProcess  stm32g0xx_hal_uart_ex.o
    0x08002200   0x08002200   0x000000ca   Code   RO         3563    i.UART_AdvFeatureConfig  stm32g0xx_hal_uart.o
    0x080022ca   0x080022ca   0x00000002   PAD
    0x080022cc   0x080022cc   0x00000064   Code   RO         3564    i.UART_CheckIdleState  stm32g0xx_hal_uart.o
    0x08002330   0x08002330   0x0000023c   Code   RO         3581    i.UART_SetConfig    stm32g0xx_hal_uart.o
    0x0800256c   0x0800256c   0x0000009c   Code   RO         3588    i.UART_WaitOnFlagUntilTimeout  stm32g0xx_hal_uart.o
    0x08002608   0x08002608   0x0000001a   Code   RO          944    i.__ARM_common_switch8  stm32g0xx_hal_dma.o
    0x08002622   0x08002622   0x00000002   PAD
    0x08002624   0x08002624   0x00000044   Code   RO         1275    i.__NVIC_SetPriority  stm32g0xx_hal_cortex.o
    0x08002668   0x08002668   0x0000000e   Code   RO         5823    i.__scatterload_copy  mc_p.l(handlers.o)
    0x08002676   0x08002676   0x00000002   Code   RO         5824    i.__scatterload_null  mc_p.l(handlers.o)
    0x08002678   0x08002678   0x0000000e   Code   RO         5825    i.__scatterload_zeroinit  mc_p.l(handlers.o)
    0x08002686   0x08002686   0x00000002   PAD
    0x08002688   0x08002688   0x0000004c   Code   RO           24    i.main              main.o
    0x080026d4   0x080026d4   0x0000001e   Code   RO         5165    i.osDelay           cmsis_os2.o
    0x080026f2   0x080026f2   0x00000002   PAD
    0x080026f4   0x080026f4   0x00000028   Code   RO         5179    i.osKernelInitialize  cmsis_os2.o
    0x0800271c   0x0800271c   0x0000003c   Code   RO         5182    i.osKernelStart     cmsis_os2.o
    0x08002758   0x08002758   0x00000096   Code   RO         5224    i.osThreadNew       cmsis_os2.o
    0x080027ee   0x080027ee   0x00000002   PAD
    0x080027f0   0x080027f0   0x00000058   Code   RO         4637    i.prvAddCurrentTaskToDelayedList  tasks.o
    0x08002848   0x08002848   0x000000bc   Code   RO         4638    i.prvAddNewTaskToReadyList  tasks.o
    0x08002904   0x08002904   0x0000005c   Code   RO         5002    i.prvCheckForValidListAndQueue  timers.o
    0x08002960   0x08002960   0x00000026   Code   RO         4234    i.prvCopyDataFromQueue  queue.o
    0x08002986   0x08002986   0x00000070   Code   RO         4235    i.prvCopyDataToQueue  queue.o
    0x080029f6   0x080029f6   0x00000026   Code   RO         4639    i.prvDeleteTCB      tasks.o
    0x08002a1c   0x08002a1c   0x00000044   Code   RO         5660    i.prvHeapInit       heap_4.o
    0x08002a60   0x08002a60   0x0000004c   Code   RO         4640    i.prvIdleTask       tasks.o
    0x08002aac   0x08002aac   0x00000022   Code   RO         4237    i.prvInitialiseNewQueue  queue.o
    0x08002ace   0x08002ace   0x00000094   Code   RO         4641    i.prvInitialiseNewTask  tasks.o
    0x08002b62   0x08002b62   0x00000002   PAD
    0x08002b64   0x08002b64   0x0000004c   Code   RO         5661    i.prvInsertBlockIntoFreeList  heap_4.o
    0x08002bb0   0x08002bb0   0x00000038   Code   RO         5004    i.prvInsertTimerInActiveList  timers.o
    0x08002be8   0x08002be8   0x0000001c   Code   RO         4238    i.prvIsQueueEmpty   queue.o
    0x08002c04   0x08002c04   0x000000e8   Code   RO         5005    i.prvProcessReceivedCommands  timers.o
    0x08002cec   0x08002cec   0x000000a8   Code   RO         5006    i.prvProcessTimerOrBlockTask  timers.o
    0x08002d94   0x08002d94   0x00000020   Code   RO         4643    i.prvResetNextTaskUnblockTime  tasks.o
    0x08002db4   0x08002db4   0x00000028   Code   RO         5007    i.prvSampleTimeNow  timers.o
    0x08002ddc   0x08002ddc   0x00000064   Code   RO         5008    i.prvSwitchTimerLists  timers.o
    0x08002e40   0x08002e40   0x00000014   Code   RO         5717    i.prvTaskExitError  port.o
    0x08002e54   0x08002e54   0x00000024   Code   RO         5009    i.prvTimerTask      timers.o
    0x08002e78   0x08002e78   0x00000070   Code   RO         4239    i.prvUnlockQueue    queue.o
    0x08002ee8   0x08002ee8   0x000000b8   Code   RO         5662    i.pvPortMalloc      heap_4.o
    0x08002fa0   0x08002fa0   0x00000020   Code   RO         5718    i.pxPortInitialiseStack  port.o
    0x08002fc0   0x08002fc0   0x00000026   Code   RO         4197    i.uxListRemove      list.o
    0x08002fe6   0x08002fe6   0x00000002   PAD
    0x08002fe8   0x08002fe8   0x00000014   Code   RO         5236    i.vApplicationGetIdleTaskMemory  cmsis_os2.o
    0x08002ffc   0x08002ffc   0x00000018   Code   RO         5237    i.vApplicationGetTimerTaskMemory  cmsis_os2.o
    0x08003014   0x08003014   0x00000016   Code   RO         4198    i.vListInitialise   list.o
    0x0800302a   0x0800302a   0x00000006   Code   RO         4199    i.vListInitialiseItem  list.o
    0x08003030   0x08003030   0x00000030   Code   RO         4200    i.vListInsert       list.o
    0x08003060   0x08003060   0x00000018   Code   RO         4201    i.vListInsertEnd    list.o
    0x08003078   0x08003078   0x00000018   Code   RO         5720    i.vPortEnterCritical  port.o
    0x08003090   0x08003090   0x0000001c   Code   RO         5721    i.vPortExitCritical  port.o
    0x080030ac   0x080030ac   0x00000048   Code   RO         5663    i.vPortFree         heap_4.o
    0x080030f4   0x080030f4   0x00000028   Code   RO         5722    i.vPortSetupTimerInterrupt  port.o
    0x0800311c   0x0800311c   0x00000018   Code   RO         5723    i.vPortYield        port.o
    0x08003134   0x08003134   0x00000024   Code   RO         4245    i.vQueueAddToRegistry  queue.o
    0x08003158   0x08003158   0x00000044   Code   RO         4249    i.vQueueWaitForMessageRestricted  queue.o
    0x0800319c   0x0800319c   0x00000030   Code   RO         4656    i.vTaskDelay        tasks.o
    0x080031cc   0x080031cc   0x00000010   Code   RO         4661    i.vTaskInternalSetTimeOutState  tasks.o
    0x080031dc   0x080031dc   0x0000000c   Code   RO         4662    i.vTaskMissedYield  tasks.o
    0x080031e8   0x080031e8   0x00000024   Code   RO         4664    i.vTaskPlaceOnEventList  tasks.o
    0x0800320c   0x0800320c   0x00000030   Code   RO         4665    i.vTaskPlaceOnEventListRestricted  tasks.o
    0x0800323c   0x0800323c   0x00000068   Code   RO         4673    i.vTaskStartScheduler  tasks.o
    0x080032a4   0x080032a4   0x00000010   Code   RO         4675    i.vTaskSuspendAll   tasks.o
    0x080032b4   0x080032b4   0x00000058   Code   RO         4676    i.vTaskSwitchContext  tasks.o
    0x0800330c   0x0800330c   0x00000030   Code   RO         5724    i.xPortStartScheduler  port.o
    0x0800333c   0x0800333c   0x00000024   Code   RO         5725    i.xPortSysTickHandler  port.o
    0x08003360   0x08003360   0x00000040   Code   RO         4255    i.xQueueGenericCreateStatic  queue.o
    0x080033a0   0x080033a0   0x0000006c   Code   RO         4256    i.xQueueGenericReset  queue.o
    0x0800340c   0x0800340c   0x00000118   Code   RO         4257    i.xQueueGenericSend  queue.o
    0x08003524   0x08003524   0x0000008e   Code   RO         4258    i.xQueueGenericSendFromISR  queue.o
    0x080035b2   0x080035b2   0x00000102   Code   RO         4267    i.xQueueReceive     queue.o
    0x080036b4   0x080036b4   0x0000005c   Code   RO         4678    i.xTaskCheckForTimeOut  tasks.o
    0x08003710   0x08003710   0x00000052   Code   RO         4679    i.xTaskCreate       tasks.o
    0x08003762   0x08003762   0x00000044   Code   RO         4680    i.xTaskCreateStatic  tasks.o
    0x080037a6   0x080037a6   0x00000002   PAD
    0x080037a8   0x080037a8   0x00000020   Code   RO         4684    i.xTaskGetSchedulerState  tasks.o
    0x080037c8   0x080037c8   0x0000000c   Code   RO         4685    i.xTaskGetTickCount  tasks.o
    0x080037d4   0x080037d4   0x000000bc   Code   RO         4687    i.xTaskIncrementTick  tasks.o
    0x08003890   0x08003890   0x00000068   Code   RO         4690    i.xTaskPriorityDisinherit  tasks.o
    0x080038f8   0x080038f8   0x00000064   Code   RO         4692    i.xTaskRemoveFromEventList  tasks.o
    0x0800395c   0x0800395c   0x000000b0   Code   RO         4693    i.xTaskResumeAll    tasks.o
    0x08003a0c   0x08003a0c   0x00000058   Code   RO         5018    i.xTimerCreateTimerTask  timers.o
    0x08003a64   0x08003a64   0x00000054   Code   RO         5019    i.xTimerGenericCommand  timers.o
    0x08003ab8   0x08003ab8   0x00000024   Data   RO           26    .constdata          main.o
    0x08003adc   0x08003adc   0x00000018   Data   RO         3589    .constdata          stm32g0xx_hal_uart.o
    0x08003af4   0x08003af4   0x00000040   Data   RO         4045    .constdata          system_stm32g0xx.o
    0x08003b34   0x08003b34   0x00000020   Data   RO         4046    .constdata          system_stm32g0xx.o
    0x08003b54   0x08003b54   0x0000000c   Data   RO           27    .conststring        main.o
    0x08003b60   0x08003b60   0x00000020   Data   RO         5821    Region$$Table       anon$$obj.o


    Execution Region RW_IRAM1 (Exec base: 0x20000000, Load base: 0x08003b80, Size: 0x000020e8, Max: 0x00009000, ABSOLUTE)

    Exec Addr    Load Addr    Size         Type   Attr      Idx    E Section Name        Object

    0x20000000   0x08003b80   0x00000004   Data   RW           28    .data               main.o
    0x20000004   0x08003b84   0x0000000c   Data   RW         1405    .data               stm32g0xx_hal.o
    0x20000010   0x08003b90   0x00000004   Data   RW         4047    .data               system_stm32g0xx.o
    0x20000014   0x08003b94   0x0000003c   Data   RW         4696    .data               tasks.o
    0x20000050   0x08003bd0   0x00000014   Data   RW         5027    .data               timers.o
    0x20000064   0x08003be4   0x00000004   Data   RW         5239    .data               cmsis_os2.o
    0x20000068   0x08003be8   0x00000020   Data   RW         5669    .data               heap_4.o
    0x20000088   0x08003c08   0x00000004   Data   RW         5726    .data               port.o
    0x2000008c        -       0x0000033c   Zero   RW           25    .bss                main.o
    0x200003c8        -       0x0000004c   Zero   RW          389    .bss                stm32g0xx_hal_timebase_tim.o
    0x20000414        -       0x00000040   Zero   RW         4271    .bss                queue.o
    0x20000454        -       0x000004c4   Zero   RW         4695    .bss                tasks.o
    0x20000918        -       0x00000118   Zero   RW         5026    .bss                timers.o
    0x20000a30        -       0x000006b8   Zero   RW         5238    .bss                cmsis_os2.o
    0x200010e8        -       0x00000c00   Zero   RW         5668    .bss                heap_4.o
    0x20001ce8        -       0x00000400   Zero   RW            1    STACK               startup_stm32g071xx.o


==============================================================================

Image component sizes


      Code (inc. data)   RO Data    RW Data    ZI Data      Debug   Object Name

       348         26          0          4       1720      28136   cmsis_os2.o
         0          0          0          0          0      11712   event_groups.o
       400         22          0         32       3072       4519   heap_4.o
       138          0          0          0          0       3610   list.o
      1112        102         48          4        828     509993   main.o
       374         56          0          4          0       7863   port.o
      1280          4          0          0         64      16200   queue.o
        28          8        188          0       1024        668   startup_stm32g071xx.o
        88         18          0         12          0      18073   stm32g0xx_hal.o
       100         14          0          0          0      11496   stm32g0xx_hal_cortex.o
        26          0          0          0          0         72   stm32g0xx_hal_dma.o
       360         18          0          0          0       2388   stm32g0xx_hal_gpio.o
       180          4          0          0          0       2907   stm32g0xx_hal_i2c.o
       146          0          0          0          0       2015   stm32g0xx_hal_i2c_ex.o
       628         76          0          0          0       4730   stm32g0xx_hal_msp.o
        76         14          0          0          0        778   stm32g0xx_hal_pwr_ex.o
      1588         96          0          0          0      24402   stm32g0xx_hal_rcc.o
       480         20          0          0          0       1820   stm32g0xx_hal_rcc_ex.o
       238          0          0          0          0       1291   stm32g0xx_hal_spi.o
      2142        180          0          0          0      16654   stm32g0xx_hal_tim.o
       294         16          0          0          0       4016   stm32g0xx_hal_tim_ex.o
       120         22          0          0         76       1531   stm32g0xx_hal_timebase_tim.o
      1138         56         24          0          0      24338   stm32g0xx_hal_uart.o
       442         22          0          0          0       4812   stm32g0xx_hal_uart_ex.o
        20          6          0          0          0       1427   stm32g0xx_it.o
         0          0          0          0          0       9600   stream_buffer.o
        16          6         96          4          0       1255   system_stm32g0xx.o
      1792        156          0         60       1220      25108   tasks.o
       896         78          0         20        280      14631   timers.o

    ----------------------------------------------------------------------
     14476       1020        388        140       8284     756045   Object Totals
         0          0         32          0          0          0   (incl. Generated)
        26          0          0          0          0          0   (incl. Padding)

    ----------------------------------------------------------------------

      Code (inc. data)   RO Data    RW Data    ZI Data      Debug   Library Member Name

         0          0          0          0          0          0   entry.o
         0          0          0          0          0          0   entry10a.o
         0          0          0          0          0          0   entry11a.o
         8          4          0          0          0          0   entry2.o
         4          0          0          0          0          0   entry5.o
         0          0          0          0          0          0   entry7b.o
         0          0          0          0          0          0   entry8b.o
         8          4          0          0          0          0   entry9a.o
        30          0          0          0          0          0   handlers.o
        36          8          0          0          0         68   init.o
        32          0          0          0          0         68   llshl.o
        34          0          0          0          0         68   llushr.o
        36          0          0          0          0         60   memcpya.o
        36          0          0          0          0        100   memseta.o
        44          0          0          0          0         72   uidiv.o
        96          0          0          0          0         84   uldiv.o

    ----------------------------------------------------------------------
       368         16          0          0          0        520   Library Totals
         4          0          0          0          0          0   (incl. Padding)

    ----------------------------------------------------------------------

      Code (inc. data)   RO Data    RW Data    ZI Data      Debug   Library Name

       364         16          0          0          0        520   mc_p.l

    ----------------------------------------------------------------------
       368         16          0          0          0        520   Library Totals

    ----------------------------------------------------------------------

==============================================================================


      Code (inc. data)   RO Data    RW Data    ZI Data      Debug   

     14844       1036        388        140       8284     750065   Grand Totals
     14844       1036        388        140       8284     750065   ELF Image Totals
     14844       1036        388        140          0          0   ROM Totals

==============================================================================

    Total RO  Size (Code + RO Data)                15232 (  14.88kB)
    Total RW  Size (RW Data + ZI Data)              8424 (   8.23kB)
    Total ROM Size (Code + RO Data + RW Data)      15372 (  15.01kB)

==============================================================================

